Archive member included to satisfy reference by file (symbol)

/Applications/lpcxpresso_8.2.0_647/lpcxpresso/tools/bin/../lib/gcc/arm-none-eabi/5.3.1/armv7-m/libgcc.a(_arm_addsubdf3.o)
                              ./capi_device/spi_api.o (__aeabi_dadd)
/Applications/lpcxpresso_8.2.0_647/lpcxpresso/tools/bin/../lib/gcc/arm-none-eabi/5.3.1/armv7-m/libgcc.a(_arm_muldivdf3.o)
                              ./capi_device/serial_api.o (__aeabi_dmul)
/Applications/lpcxpresso_8.2.0_647/lpcxpresso/tools/bin/../lib/gcc/arm-none-eabi/5.3.1/armv7-m/libgcc.a(_arm_cmpdf2.o)
                              ./capi_device/serial_api.o (__aeabi_dcmplt)
/Applications/lpcxpresso_8.2.0_647/lpcxpresso/tools/bin/../lib/gcc/arm-none-eabi/5.3.1/armv7-m/libgcc.a(_arm_fixdfsi.o)
                              ./capi_device/spi_api.o (__aeabi_d2iz)
/Applications/lpcxpresso_8.2.0_647/lpcxpresso/tools/bin/../lib/gcc/arm-none-eabi/5.3.1/armv7-m/libgcc.a(_arm_truncdfsf2.o)
                              ./capi_device/serial_api.o (__aeabi_d2f)
/Applications/lpcxpresso_8.2.0_647/lpcxpresso/tools/bin/../lib/gcc/arm-none-eabi/5.3.1/armv7-m/libgcc.a(_arm_addsubsf3.o)
                              ./capi_device/serial_api.o (__aeabi_fsub)
/Applications/lpcxpresso_8.2.0_647/lpcxpresso/tools/bin/../lib/gcc/arm-none-eabi/5.3.1/armv7-m/libgcc.a(_arm_muldivsf3.o)
                              ./capi_device/analogin_api.o (__aeabi_fmul)
/Applications/lpcxpresso_8.2.0_647/lpcxpresso/tools/bin/../lib/gcc/arm-none-eabi/5.3.1/armv7-m/libgcc.a(_arm_cmpsf2.o)
                              ./capi_device/analogout_api.o (__aeabi_fcmplt)
/Applications/lpcxpresso_8.2.0_647/lpcxpresso/tools/bin/../lib/gcc/arm-none-eabi/5.3.1/armv7-m/libgcc.a(_arm_fixsfsi.o)
                              ./capi_device/analogout_api.o (__aeabi_f2iz)
/Applications/lpcxpresso_8.2.0_647/lpcxpresso/tools/bin/../lib/gcc/arm-none-eabi/5.3.1/armv7-m/libgcc.a(_arm_fixunssfsi.o)
                              ./capi_device/pwmout_api.o (__aeabi_f2uiz)
/Applications/lpcxpresso_8.2.0_647/lpcxpresso/tools/bin/../lib/gcc/arm-none-eabi/5.3.1/armv7-m/libgcc.a(_aeabi_uldivmod.o)
                              ./cmsis/LPC1768/system_LPC17xx.o (__aeabi_uldivmod)
/Applications/lpcxpresso_8.2.0_647/lpcxpresso/tools/bin/../lib/gcc/arm-none-eabi/5.3.1/armv7-m/libgcc.a(_udivmoddi4.o)
                              /Applications/lpcxpresso_8.2.0_647/lpcxpresso/tools/bin/../lib/gcc/arm-none-eabi/5.3.1/armv7-m/libgcc.a(_aeabi_uldivmod.o) (__udivmoddi4)
/Applications/lpcxpresso_8.2.0_647/lpcxpresso/tools/bin/../lib/gcc/arm-none-eabi/5.3.1/armv7-m/libgcc.a(_dvmd_tls.o)
                              /Applications/lpcxpresso_8.2.0_647/lpcxpresso/tools/bin/../lib/gcc/arm-none-eabi/5.3.1/armv7-m/libgcc.a(_aeabi_uldivmod.o) (__aeabi_ldiv0)
/Applications/lpcxpresso_8.2.0_647/lpcxpresso/tools/bin/../lib/gcc/arm-none-eabi/5.3.1/../../../../arm-none-eabi/lib/armv7-m/libc.a(lib_a-errno.o)
                              ./mbed/stdio.o (__errno)
/Applications/lpcxpresso_8.2.0_647/lpcxpresso/tools/bin/../lib/gcc/arm-none-eabi/5.3.1/../../../../arm-none-eabi/lib/armv7-m/libc.a(lib_a-fclose.o)
                              ./mbed/SPI_TFT_ILI9341_NXP.o (fclose)
/Applications/lpcxpresso_8.2.0_647/lpcxpresso/tools/bin/../lib/gcc/arm-none-eabi/5.3.1/../../../../arm-none-eabi/lib/armv7-m/libc.a(lib_a-fflush.o)
                              /Applications/lpcxpresso_8.2.0_647/lpcxpresso/tools/bin/../lib/gcc/arm-none-eabi/5.3.1/../../../../arm-none-eabi/lib/armv7-m/libc.a(lib_a-fclose.o) (__sflush_r)
/Applications/lpcxpresso_8.2.0_647/lpcxpresso/tools/bin/../lib/gcc/arm-none-eabi/5.3.1/../../../../arm-none-eabi/lib/armv7-m/libc.a(lib_a-fgetc.o)
                              ./mbed/Stream.o (fgetc)
/Applications/lpcxpresso_8.2.0_647/lpcxpresso/tools/bin/../lib/gcc/arm-none-eabi/5.3.1/../../../../arm-none-eabi/lib/armv7-m/libc.a(lib_a-fgets.o)
                              ./mbed/Stream.o (fgets)
/Applications/lpcxpresso_8.2.0_647/lpcxpresso/tools/bin/../lib/gcc/arm-none-eabi/5.3.1/../../../../arm-none-eabi/lib/armv7-m/libc.a(lib_a-findfp.o)
                              /Applications/lpcxpresso_8.2.0_647/lpcxpresso/tools/bin/../lib/gcc/arm-none-eabi/5.3.1/../../../../arm-none-eabi/lib/armv7-m/libc.a(lib_a-fclose.o) (__sinit)
/Applications/lpcxpresso_8.2.0_647/lpcxpresso/tools/bin/../lib/gcc/arm-none-eabi/5.3.1/../../../../arm-none-eabi/lib/armv7-m/libc.a(lib_a-fopen.o)
                              ./mbed/SPI_TFT_ILI9341_NXP.o (fopen)
/Applications/lpcxpresso_8.2.0_647/lpcxpresso/tools/bin/../lib/gcc/arm-none-eabi/5.3.1/../../../../arm-none-eabi/lib/armv7-m/libc.a(lib_a-fprintf.o)
                              ./mbed/TextDisplay.o (fprintf)
/Applications/lpcxpresso_8.2.0_647/lpcxpresso/tools/bin/../lib/gcc/arm-none-eabi/5.3.1/../../../../arm-none-eabi/lib/armv7-m/libc.a(lib_a-fputc.o)
                              ./mbed/Stream.o (fputc)
[...]
Memory Configuration

Name             Origin             Length             Attributes
MFlash512        0x0000000000000000 0x0000000000080000 xr
RamLoc32         0x00000000100000c8 0x0000000000007f38 xrw
RamAHB32         0x000000002007c000 0x0000000000008000 xrw
*default*        0x0000000000000000 0xffffffffffffffff

Linker script and memory map

LOAD ./mbed/BusIn.o
LOAD ./mbed/BusInOut.o
LOAD ./mbed/BusOut.o
LOAD ./mbed/CAN.o
LOAD ./mbed/Ethernet.o
LOAD ./mbed/FileBase.o
LOAD ./mbed/FileLike.o
LOAD ./mbed/FilePath.o
LOAD ./mbed/FileSystemLike.o
LOAD ./mbed/FunctionPointer.o
LOAD ./mbed/GraphicsDisplay.o
LOAD ./mbed/I2C.o
LOAD ./mbed/I2CSlave.o
LOAD ./mbed/InterruptIn.o
LOAD ./mbed/LocalFileSystem.o
LOAD ./mbed/SPI.o
LOAD ./mbed/SPISlave.o
LOAD ./mbed/SPI_TFT_ILI9341.o
LOAD ./mbed/SPI_TFT_ILI9341_NUCLEO.o
LOAD ./mbed/SPI_TFT_ILI9341_NXP.o
LOAD ./mbed/Serial.o
LOAD ./mbed/Stream.o
LOAD ./mbed/TextDisplay.o
LOAD ./mbed/Ticker.o
LOAD ./mbed/Timeout.o
LOAD ./mbed/Timer.o
LOAD ./mbed/TimerEvent.o
LOAD ./mbed/stdio.o
LOAD ./cmsis/LPC1768/GCC_CR/startup_LPC17xx.o
LOAD ./cmsis/LPC1768/cmsis_nvic.o
LOAD ./cmsis/LPC1768/core_cm3.o
LOAD ./cmsis/LPC1768/system_LPC17xx.o
LOAD ./capi_device/analogin_api.o
LOAD ./capi_device/analogout_api.o
LOAD ./capi_device/can_api.o
LOAD ./capi_device/ethernet_api.o
LOAD ./capi_device/gpio_api.o
LOAD ./capi_device/gpio_irq_api.o
LOAD ./capi_device/i2c_api.o
LOAD ./capi_device/pinmap.o
LOAD ./capi_device/port_api.o
LOAD ./capi_device/pwmout_api.o
LOAD ./capi_device/rtc_api.o
LOAD ./capi_device/semihost.o
LOAD ./capi_device/serial_api.o
LOAD ./capi_device/sleep.o
LOAD ./capi_device/spi_api.o
LOAD ./capi_device/us_ticker.o
LOAD ./capi/board.o
LOAD ./capi/exit.o
LOAD ./capi/mbed_interface.o
LOAD ./capi/pinmap_common.o
LOAD ./capi/rtc_time.o
LOAD ./capi/semihost_api.o
LOAD ./capi/us_ticker_api.o
LOAD ./capi/wait_api.o
LOAD ./lab08.o
LOAD ./main.o
LOAD ./project.o
START GROUP
LOAD /Applications/lpcxpresso_8.2.0_647/lpcxpresso/tools/bin/../lib/gcc/arm-none-eabi/5.3.1/armv7-m/libgcc.a
LOAD /Applications/lpcxpresso_8.2.0_647/lpcxpresso/tools/bin/../lib/gcc/arm-none-eabi/5.3.1/../../../../arm-none-eabi/lib/armv7-m/libc.a
LOAD /Applications/lpcxpresso_8.2.0_647/lpcxpresso/tools/bin/../lib/gcc/arm-none-eabi/5.3.1/../../../../arm-none-eabi/lib/armv7-m/libstdc++.a
LOAD /Applications/lpcxpresso_8.2.0_647/lpcxpresso/tools/bin/../lib/gcc/arm-none-eabi/5.3.1/../../../../arm-none-eabi/lib/armv7-m/libm.a
LOAD /Applications/lpcxpresso_8.2.0_647/lpcxpresso/tools/bin/../lib/gcc/arm-none-eabi/5.3.1/../../../../arm-none-eabi/lib/armv7-m/libcr_newlib_nohost.a
LOAD /Applications/lpcxpresso_8.2.0_647/lpcxpresso/tools/bin/../lib/gcc/arm-none-eabi/5.3.1/armv7-m/crti.o
LOAD /Applications/lpcxpresso_8.2.0_647/lpcxpresso/tools/bin/../lib/gcc/arm-none-eabi/5.3.1/armv7-m/crtn.o
LOAD /Applications/lpcxpresso_8.2.0_647/lpcxpresso/tools/bin/../lib/gcc/arm-none-eabi/5.3.1/armv7-m/crtbegin.o
LOAD /Applications/lpcxpresso_8.2.0_647/lpcxpresso/tools/bin/../lib/gcc/arm-none-eabi/5.3.1/armv7-m/crtend.o
END GROUP
                0x0000000000080000                __top_MFlash512 = 0x80000
                0x0000000010008000                __top_RamLoc32 = 0x10008000
                0x0000000020084000                __top_RamAHB32 = 0x20084000

.text           0x0000000000000000     0xa430
 FILL mask 0xff
 *(.isr_vector)
 .isr_vector    0x0000000000000000       0xcc ./cmsis/LPC1768/GCC_CR/startup_LPC17xx.o
                0x0000000000000000                g_pfnVectors
                0x00000000000000cc                . = ALIGN (0x4)
                0x00000000000000cc                __section_table_start = .
                0x00000000000000cc                __data_section_table = .
                0x00000000000000cc        0x4 LONG 0xa6a4 LOADADDR (.data)
                0x00000000000000d0        0x4 LONG 0x100000c8 ADDR (.data)
                0x00000000000000d4        0x4 LONG 0x8d0 SIZEOF (.data)
                0x00000000000000d8        0x4 LONG 0xa6a4 LOADADDR (.data_RAM2)
                0x00000000000000dc        0x4 LONG 0x2007c000 ADDR (.data_RAM2)
                0x00000000000000e0        0x4 LONG 0x0 SIZEOF (.data_RAM2)
                0x00000000000000e4                __data_section_table_end = .
                0x00000000000000e4                __bss_section_table = .
                0x00000000000000e4        0x4 LONG 0x10000998 ADDR (.bss)
                0x00000000000000e8        0x4 LONG 0x360 SIZEOF (.bss)
                0x00000000000000ec        0x4 LONG 0x2007c000 ADDR (.bss_RAM2)
                0x00000000000000f0        0x4 LONG 0x0 SIZEOF (.bss_RAM2)
                0x00000000000000f4                __bss_section_table_end = .
                0x00000000000000f4                __section_table_end = .
 *(.after_vectors*)
 .after_vectors
                0x00000000000000f4      0x170 ./cmsis/LPC1768/GCC_CR/startup_LPC17xx.o
                0x00000000000000f4                data_init
                0x0000000000000138                bss_init
                0x0000000000000170                ResetISR
                0x00000000000001ec                NMI_Handler
                0x00000000000001f8                HardFault_Handler
                0x0000000000000204                MemManage_Handler
                0x0000000000000210                BusFault_Handler
                0x000000000000021c                UsageFault_Handler
                0x0000000000000228                SVCall_Handler
                0x0000000000000234                DebugMon_Handler
                0x0000000000000240                PendSV_Handler
                0x000000000000024c                SysTick_Handler
                0x0000000000000258                ENET_IRQHandler
                0x0000000000000258                UART1_IRQHandler
                0x0000000000000258                EINT3_IRQHandler
                0x0000000000000258                CANActivity_IRQHandler
                0x0000000000000258                TIMER3_IRQHandler
                0x0000000000000258                UART0_IRQHandler
                0x0000000000000258                I2C1_IRQHandler
                0x0000000000000258                PWM1_IRQHandler
                0x0000000000000258                IntDefaultHandler
                0x0000000000000258                PLL0_IRQHandler
                0x0000000000000258                CAN_IRQHandler
                0x0000000000000258                PLL1_IRQHandler
                0x0000000000000258                SSP0_IRQHandler
                0x0000000000000258                I2S_IRQHandler
                0x0000000000000258                I2C2_IRQHandler
                0x0000000000000258                RTC_IRQHandler
                0x0000000000000258                TIMER0_IRQHandler
                0x0000000000000258                SPI_IRQHandler
                0x0000000000000258                USBActivity_IRQHandler
                0x0000000000000258                EINT1_IRQHandler
                0x0000000000000258                TIMER1_IRQHandler
                0x0000000000000258                UART2_IRQHandler
                0x0000000000000258                ADC_IRQHandler
                0x0000000000000258                SSP1_IRQHandler
                0x0000000000000258                USB_IRQHandler
                0x0000000000000258                BOD_IRQHandler
                0x0000000000000258                I2C0_IRQHandler
                0x0000000000000258                WDT_IRQHandler
                0x0000000000000258                QEI_IRQHandler
                0x0000000000000258                EINT0_IRQHandler
                0x0000000000000258                RIT_IRQHandler
                0x0000000000000258                DMA_IRQHandler
                0x0000000000000258                TIMER2_IRQHandler
                0x0000000000000258                UART3_IRQHandler
                0x0000000000000258                MCPWM_IRQHandler
                0x0000000000000258                EINT2_IRQHandler
 *(.text*)
 .text._ZN4mbed10DigitalOutC2E7PinName
                0x0000000000000264       0x20 ./mbed/BusOut.o
                0x0000000000000264                mbed::DigitalOut::DigitalOut(PinName)
                0x0000000000000264                mbed::DigitalOut::DigitalOut(PinName)
 .text._ZN4mbed15FunctionPointerC2EPFvvE
                0x0000000000000284       0x1c ./mbed/FunctionPointer.o
                0x0000000000000284                mbed::FunctionPointer::FunctionPointer(void (*)())
                0x0000000000000284                mbed::FunctionPointer::FunctionPointer(void (*)())
 .text._ZN4mbed15FunctionPointer6attachEPFvvE
                0x00000000000002a0       0x20 ./mbed/FunctionPointer.o
                0x00000000000002a0                mbed::FunctionPointer::attach(void (*)())
 .text._ZN4mbed15FunctionPointer4callEv
                0x00000000000002c0       0x38 ./mbed/FunctionPointer.o
                0x00000000000002c0                mbed::FunctionPointer::call()
 .text._ZN4mbed11InterruptInC2E7PinName
                0x00000000000002f8       0x58 ./mbed/InterruptIn.o
                0x00000000000002f8                mbed::InterruptIn::InterruptIn(PinName)
                0x00000000000002f8                mbed::InterruptIn::InterruptIn(PinName)
 .text._ZN4mbed11InterruptInD2Ev
                0x0000000000000350       0x34 ./mbed/InterruptIn.o
                0x0000000000000350                mbed::InterruptIn::~InterruptIn()
                0x0000000000000350                mbed::InterruptIn::~InterruptIn()
 .text._ZN4mbed11InterruptInD0Ev
                0x0000000000000384       0x20 ./mbed/InterruptIn.o
                0x0000000000000384                mbed::InterruptIn::~InterruptIn()
 .text._ZN4mbed11InterruptIn4fallEPFvvE
                0x00000000000003a4       0x44 ./mbed/InterruptIn.o
                0x00000000000003a4                mbed::InterruptIn::fall(void (*)())
 .text._ZN4mbed11InterruptIn12_irq_handlerEm14gpio_irq_event
                0x00000000000003e8       0x40 ./mbed/InterruptIn.o
                0x00000000000003e8                mbed::InterruptIn::_irq_handler(unsigned long, gpio_irq_event)
 .text._ZL11init_serialv
                0x0000000000000428       0x2c ./mbed/stdio.o
 .text._close   0x0000000000000454       0x50 ./mbed/stdio.o
                0x0000000000000454                _close
 .text._write   0x00000000000004a4       0x88 ./mbed/stdio.o
                0x00000000000004a4                _write
 .text._read    0x000000000000052c       0x64 ./mbed/stdio.o
                0x000000000000052c                _read
 .text._isatty  0x0000000000000590       0x44 ./mbed/stdio.o
                0x0000000000000590                _isatty
 .text._lseek   0x00000000000005d4       0x4c ./mbed/stdio.o
                0x00000000000005d4                _lseek
 .text._fstat   0x0000000000000620       0x40 ./mbed/stdio.o
                0x0000000000000620                _fstat
 .text._ZN9__gnu_cxx27__verbose_terminate_handlerEv
                0x0000000000000660       0x20 ./mbed/stdio.o
                0x0000000000000660                __gnu_cxx::__verbose_terminate_handler()
 .text.__aeabi_atexit
                0x0000000000000680       0x18 ./cmsis/LPC1768/GCC_CR/startup_LPC17xx.o
                0x0000000000000680                __aeabi_atexit
 .text._ZdlPv   0x0000000000000698       0x18 ./cmsis/LPC1768/GCC_CR/startup_LPC17xx.o
                0x0000000000000698                operator delete(void*)
 .text.NVIC_SetVector
                0x00000000000006b0       0x70 ./cmsis/LPC1768/cmsis_nvic.o
                0x00000000000006b0                NVIC_SetVector
 .text.SystemInit
                0x0000000000000720       0xfc ./cmsis/LPC1768/system_LPC17xx.o
                0x0000000000000720                SystemInit
 .text.analogout_init
                0x000000000000081c       0x4c ./capi_device/analogout_api.o
                0x000000000000081c                analogout_init
 .text.dac_write
                0x0000000000000868       0x28 ./capi_device/analogout_api.o
 .text.analogout_write_u16
                0x0000000000000890       0x20 ./capi_device/analogout_api.o
                0x0000000000000890                analogout_write_u16
 .text.gpio_enable
                0x00000000000008b0       0x18 ./capi_device/gpio_api.o
 .text.gpio_set
                0x00000000000008c8       0x38 ./capi_device/gpio_api.o
                0x00000000000008c8                gpio_set
 .text.gpio_init
                0x0000000000000900       0x88 ./capi_device/gpio_api.o
                0x0000000000000900                gpio_init
 .text.gpio_dir
                0x0000000000000988       0x4c ./capi_device/gpio_api.o
                0x0000000000000988                gpio_dir
 .text.NVIC_EnableIRQ
                0x00000000000009d4       0x30 ./capi_device/gpio_irq_api.o
 .text.handle_interrupt_in
                0x0000000000000a04      0x144 ./capi_device/gpio_irq_api.o
 .text.gpio_irq_init
                0x0000000000000b48       0xbc ./capi_device/gpio_irq_api.o
                0x0000000000000b48                gpio_irq_init
 .text.gpio_irq_free
                0x0000000000000c04       0x24 ./capi_device/gpio_irq_api.o
                0x0000000000000c04                gpio_irq_free
 .text.gpio_irq_set
                0x0000000000000c28      0x154 ./capi_device/gpio_irq_api.o
                0x0000000000000c28                gpio_irq_set
 .text.pin_function
                0x0000000000000d7c       0x74 ./capi_device/pinmap.o
                0x0000000000000d7c                pin_function
 .text.pin_mode
                0x0000000000000df0       0xdc ./capi_device/pinmap.o
                0x0000000000000df0                pin_mode
 .text.pwmout_init
                0x0000000000000ecc       0xb8 ./capi_device/pwmout_api.o
                0x0000000000000ecc                pwmout_init
 .text.pwmout_write
                0x0000000000000f84       0x90 ./capi_device/pwmout_api.o
                0x0000000000000f84                pwmout_write
 .text.pwmout_period
                0x0000000000001014       0x30 ./capi_device/pwmout_api.o
                0x0000000000001014                pwmout_period
 .text.pwmout_period_ms
                0x0000000000001044       0x24 ./capi_device/pwmout_api.o
                0x0000000000001044                pwmout_period_ms
 .text.pwmout_period_us
                0x0000000000001068       0x68 ./capi_device/pwmout_api.o
                0x0000000000001068                pwmout_period_us
 .text.pwmout_pulsewidth_us
                0x00000000000010d0       0x54 ./capi_device/pwmout_api.o
                0x00000000000010d0                pwmout_pulsewidth_us
 .text.semihost_connected
                0x0000000000001124       0x24 ./capi_device/semihost.o
                0x0000000000001124                semihost_connected
 .text.serial_init
                0x0000000000001148      0x1a0 ./capi_device/serial_api.o
                0x0000000000001148                serial_init
 .text.serial_baud
                0x00000000000012e8      0x31c ./capi_device/serial_api.o
                0x00000000000012e8                serial_baud
 .text.serial_format
                0x0000000000001604      0x108 ./capi_device/serial_api.o
                0x0000000000001604                serial_format
 .text.serial_getc
                0x000000000000170c       0x28 ./capi_device/serial_api.o
                0x000000000000170c                serial_getc
 .text.serial_putc
                0x0000000000001734       0x2c ./capi_device/serial_api.o
                0x0000000000001734                serial_putc
 .text.serial_readable
                0x0000000000001760       0x20 ./capi_device/serial_api.o
                0x0000000000001760                serial_readable
 .text.serial_writable
                0x0000000000001780       0x20 ./capi_device/serial_api.o
                0x0000000000001780                serial_writable
 .text.NVIC_EnableIRQ
                0x00000000000017a0       0x30 ./capi_device/us_ticker.o
 .text.us_ticker_init
                0x00000000000017d0       0x84 ./capi_device/us_ticker.o
                0x00000000000017d0                us_ticker_init
 .text.us_ticker_read
                0x0000000000001854       0x20 ./capi_device/us_ticker.o
                0x0000000000001854                us_ticker_read
 .text.us_ticker_set_interrupt
                0x0000000000001874       0x28 ./capi_device/us_ticker.o
                0x0000000000001874                us_ticker_set_interrupt
 .text.us_ticker_disable_interrupt
                0x000000000000189c       0x1c ./capi_device/us_ticker.o
                0x000000000000189c                us_ticker_disable_interrupt
 .text.us_ticker_clear_interrupt
                0x00000000000018b8       0x18 ./capi_device/us_ticker.o
                0x00000000000018b8                us_ticker_clear_interrupt
 .text.gpio_write
                0x00000000000018d0       0x30 ./capi/board.o
 .text.mbed_die
                0x0000000000001900       0xb8 ./capi/board.o
                0x0000000000001900                mbed_die
 .text.exit     0x00000000000019b8       0x24 ./capi/exit.o
                0x00000000000019b8                exit
 .text.mbed_interface_connected
                0x00000000000019dc       0x10 ./capi/mbed_interface.o
                0x00000000000019dc                mbed_interface_connected
 .text.pinmap_pinout
                0x00000000000019ec       0x68 ./capi/pinmap_common.o
                0x00000000000019ec                pinmap_pinout
 .text.pinmap_merge
                0x0000000000001a54       0x54 ./capi/pinmap_common.o
                0x0000000000001a54                pinmap_merge
 .text.pinmap_peripheral
                0x0000000000001aa8       0x5c ./capi/pinmap_common.o
                0x0000000000001aa8                pinmap_peripheral
 .text.__semihost
                0x0000000000001b04       0x24 ./capi/semihost_api.o
 .text.semihost_exit
                0x0000000000001b28       0x1c ./capi/semihost_api.o
                0x0000000000001b28                semihost_exit
 .text.us_ticker_irq_handler
                0x0000000000001b44       0x6c ./capi/us_ticker_api.o
                0x0000000000001b44                us_ticker_irq_handler
 .text.wait_ms  0x0000000000001bb0       0x20 ./capi/wait_api.o
                0x0000000000001bb0                wait_ms
 .text.wait_us  0x0000000000001bd0       0x28 ./capi/wait_api.o
                0x0000000000001bd0                wait_us
 .text._ZN4mbed9AnalogOutC2E7PinName
                0x0000000000001bf8       0x20 ./main.o
                0x0000000000001bf8                mbed::AnalogOut::AnalogOut(PinName)
                0x0000000000001bf8                mbed::AnalogOut::AnalogOut(PinName)
 .text._ZN4mbed6PwmOutC2E7PinName
                0x0000000000001c18       0x20 ./main.o
                0x0000000000001c18                mbed::PwmOut::PwmOut(PinName)
                0x0000000000001c18                mbed::PwmOut::PwmOut(PinName)
 .text._ZN4mbed6PwmOut6periodEf
                0x0000000000001c38       0x1c ./main.o
                0x0000000000001c38                mbed::PwmOut::period(float)
 .text._ZN4mbed6PwmOut13pulsewidth_usEi
                0x0000000000001c54       0x1c ./main.o
                0x0000000000001c54                mbed::PwmOut::pulsewidth_us(int)
 .text._Z12callElevatori
                0x0000000000001c70       0x6c ./main.o
                0x0000000000001c70                callElevator(int)
 .text._Z15addCurrentLevelv
                0x0000000000001cdc       0x3c ./main.o
                0x0000000000001cdc                addCurrentLevel()
 .text._Z19checkLimitDirectionv
                0x0000000000001d18       0x4c ./main.o
                0x0000000000001d18                checkLimitDirection()
 .text._Z7addStopii
                0x0000000000001d64       0xec ./main.o
                0x0000000000001d64                addStop(int, int)
 .text._Z19optoSensorInterruptv
                0x0000000000001e50       0xcc ./main.o
                0x0000000000001e50                optoSensorInterrupt()
 .text._Z16buttonUpLevelOnev
                0x0000000000001f1c       0x20 ./main.o
                0x0000000000001f1c                buttonUpLevelOne()
 .text.main     0x0000000000001f3c       0x38 ./main.o
                0x0000000000001f3c                main
 .text._Z41__static_initialization_and_destruction_0ii
                0x0000000000001f74       0x90 ./main.o
 .text._GLOBAL__sub_I_Aout
                0x0000000000002004       0x10 ./main.o
 .text          0x0000000000002014      0x370 /Applications/lpcxpresso_8.2.0_647/lpcxpresso/tools/bin/../lib/gcc/arm-none-eabi/5.3.1/armv7-m/libgcc.a(_arm_addsubdf3.o)
                0x0000000000002014                __aeabi_drsub
                0x000000000000201c                __subdf3
                0x000000000000201c                __aeabi_dsub
                0x0000000000002020                __aeabi_dadd
                0x0000000000002020                __adddf3
                0x0000000000002298                __aeabi_ui2d
                0x0000000000002298                __floatunsidf
                0x00000000000022b8                __floatsidf
                0x00000000000022b8                __aeabi_i2d
                0x00000000000022dc                __extendsfdf2
                0x00000000000022dc                __aeabi_f2d
                0x0000000000002318                __aeabi_ul2d
                0x0000000000002318                __floatundidf
                0x0000000000002328                __aeabi_l2d
                0x0000000000002328                __floatdidf
 .text          0x0000000000002384      0x424 /Applications/lpcxpresso_8.2.0_647/lpcxpresso/tools/bin/../lib/gcc/arm-none-eabi/5.3.1/armv7-m/libgcc.a(_arm_muldivdf3.o)
                0x0000000000002384                __aeabi_dmul
                0x0000000000002384                __muldf3
                0x00000000000025d8                __aeabi_ddiv
                0x00000000000025d8                __divdf3
 .text          0x00000000000027a8      0x110 /Applications/lpcxpresso_8.2.0_647/lpcxpresso/tools/bin/../lib/gcc/arm-none-eabi/5.3.1/armv7-m/libgcc.a(_arm_cmpdf2.o)
                0x00000000000027a8                __gtdf2
                0x00000000000027a8                __gedf2
                0x00000000000027b0                __ltdf2
                0x00000000000027b0                __ledf2
                0x00000000000027b8                __eqdf2
                0x00000000000027b8                __nedf2
                0x00000000000027b8                __cmpdf2
                0x0000000000002834                __aeabi_cdrcmple
                0x0000000000002844                __aeabi_cdcmple
                0x0000000000002844                __aeabi_cdcmpeq
                0x0000000000002854                __aeabi_dcmpeq
                0x0000000000002868                __aeabi_dcmplt
                0x000000000000287c                __aeabi_dcmple
                0x0000000000002890                __aeabi_dcmpge
                0x00000000000028a4                __aeabi_dcmpgt
 .text          0x00000000000028b8       0x50 /Applications/lpcxpresso_8.2.0_647/lpcxpresso/tools/bin/../lib/gcc/arm-none-eabi/5.3.1/armv7-m/libgcc.a(_arm_fixdfsi.o)
                0x00000000000028b8                __fixdfsi
                0x00000000000028b8                __aeabi_d2iz
 .text          0x0000000000002908       0xa0 /Applications/lpcxpresso_8.2.0_647/lpcxpresso/tools/bin/../lib/gcc/arm-none-eabi/5.3.1/armv7-m/libgcc.a(_arm_truncdfsf2.o)
                0x0000000000002908                __aeabi_d2f
                0x0000000000002908                __truncdfsf2
 .text          0x00000000000029a8      0x21c /Applications/lpcxpresso_8.2.0_647/lpcxpresso/tools/bin/../lib/gcc/arm-none-eabi/5.3.1/armv7-m/libgcc.a(_arm_addsubsf3.o)
                0x00000000000029a8                __aeabi_frsub
                0x00000000000029b0                __aeabi_fsub
                0x00000000000029b0                __subsf3
                0x00000000000029b4                __aeabi_fadd
                0x00000000000029b4                __addsf3
                0x0000000000002b14                __aeabi_ui2f
                0x0000000000002b14                __floatunsisf
                0x0000000000002b1c                __floatsisf
                0x0000000000002b1c                __aeabi_i2f
                0x0000000000002b38                __aeabi_ul2f
                0x0000000000002b38                __floatundisf
                0x0000000000002b48                __aeabi_l2f
                0x0000000000002b48                __floatdisf
 .text          0x0000000000002bc4      0x2a0 /Applications/lpcxpresso_8.2.0_647/lpcxpresso/tools/bin/../lib/gcc/arm-none-eabi/5.3.1/armv7-m/libgcc.a(_arm_muldivsf3.o)
                0x0000000000002bc4                __mulsf3
                0x0000000000002bc4                __aeabi_fmul
                0x0000000000002d2c                __divsf3
                0x0000000000002d2c                __aeabi_fdiv
 .text          0x0000000000002e64       0xec /Applications/lpcxpresso_8.2.0_647/lpcxpresso/tools/bin/../lib/gcc/arm-none-eabi/5.3.1/armv7-m/libgcc.a(_arm_cmpsf2.o)
                0x0000000000002e64                __gesf2
                0x0000000000002e64                __gtsf2
                0x0000000000002e6c                __ltsf2
                0x0000000000002e6c                __lesf2
                0x0000000000002e74                __nesf2
                0x0000000000002e74                __eqsf2
                0x0000000000002e74                __cmpsf2
                0x0000000000002ed4                __aeabi_cfrcmple
                0x0000000000002edc                __aeabi_cfcmpeq
                0x0000000000002edc                __aeabi_cfcmple
                0x0000000000002eec                __aeabi_fcmpeq
                0x0000000000002f00                __aeabi_fcmplt
                0x0000000000002f14                __aeabi_fcmple
                0x0000000000002f28                __aeabi_fcmpge
                0x0000000000002f3c                __aeabi_fcmpgt
 .text          0x0000000000002f50       0x4c /Applications/lpcxpresso_8.2.0_647/lpcxpresso/tools/bin/../lib/gcc/arm-none-eabi/5.3.1/armv7-m/libgcc.a(_arm_fixsfsi.o)
                0x0000000000002f50                __fixsfsi
                0x0000000000002f50                __aeabi_f2iz
 .text          0x0000000000002f9c       0x40 /Applications/lpcxpresso_8.2.0_647/lpcxpresso/tools/bin/../lib/gcc/arm-none-eabi/5.3.1/armv7-m/libgcc.a(_arm_fixunssfsi.o)
                0x0000000000002f9c                __aeabi_f2uiz
                0x0000000000002f9c                __fixunssfsi
 .text          0x0000000000002fdc       0x30 /Applications/lpcxpresso_8.2.0_647/lpcxpresso/tools/bin/../lib/gcc/arm-none-eabi/5.3.1/armv7-m/libgcc.a(_aeabi_uldivmod.o)
                0x0000000000002fdc                __aeabi_uldivmod
 .text          0x000000000000300c      0x2ec /Applications/lpcxpresso_8.2.0_647/lpcxpresso/tools/bin/../lib/gcc/arm-none-eabi/5.3.1/armv7-m/libgcc.a(_udivmoddi4.o)
                0x000000000000300c                __udivmoddi4
 .text          0x00000000000032f8        0x4 /Applications/lpcxpresso_8.2.0_647/lpcxpresso/tools/bin/../lib/gcc/arm-none-eabi/5.3.1/armv7-m/libgcc.a(_dvmd_tls.o)
                0x00000000000032f8                __aeabi_ldiv0
                0x00000000000032f8                __aeabi_idiv0
 .text.__errno  0x00000000000032fc        0xc /Applications/lpcxpresso_8.2.0_647/lpcxpresso/tools/bin/../lib/gcc/arm-none-eabi/5.3.1/../../../../arm-none-eabi/lib/armv7-m/libc.a(lib_a-errno.o)
                0x00000000000032fc                __errno
 .text._fclose_r
                0x0000000000003308       0x84 /Applications/lpcxpresso_8.2.0_647/lpcxpresso/tools/bin/../lib/gcc/arm-none-eabi/5.3.1/../../../../arm-none-eabi/lib/armv7-m/libc.a(lib_a-fclose.o)
                0x0000000000003308                _fclose_r
 .text.__sflush_r
                0x000000000000338c      0x148 /Applications/lpcxpresso_8.2.0_647/lpcxpresso/tools/bin/../lib/gcc/arm-none-eabi/5.3.1/../../../../arm-none-eabi/lib/armv7-m/libc.a(lib_a-fflush.o)
                0x000000000000338c                __sflush_r
 .text._fflush_r
                0x00000000000034d4       0x2c /Applications/lpcxpresso_8.2.0_647/lpcxpresso/tools/bin/../lib/gcc/arm-none-eabi/5.3.1/../../../../arm-none-eabi/lib/armv7-m/libc.a(lib_a-fflush.o)
                0x00000000000034d4                _fflush_r
 .text._cleanup_r
                0x0000000000003500        0xc /Applications/lpcxpresso_8.2.0_647/lpcxpresso/tools/bin/../lib/gcc/arm-none-eabi/5.3.1/../../../../arm-none-eabi/lib/armv7-m/libc.a(lib_a-findfp.o)
                0x0000000000003500                _cleanup_r
 .text.__sinit.part.1
                0x000000000000350c       0xf0 /Applications/lpcxpresso_8.2.0_647/lpcxpresso/tools/bin/../lib/gcc/arm-none-eabi/5.3.1/../../../../arm-none-eabi/lib/armv7-m/libc.a(lib_a-findfp.o)
 .text.__sinit  0x00000000000035fc        0xc /Applications/lpcxpresso_8.2.0_647/lpcxpresso/tools/bin/../lib/gcc/arm-none-eabi/5.3.1/../../../../arm-none-eabi/lib/armv7-m/libc.a(lib_a-findfp.o)
                0x00000000000035fc                __sinit
 .text.__sfp_lock_acquire
                0x0000000000003608        0x4 /Applications/lpcxpresso_8.2.0_647/lpcxpresso/tools/bin/../lib/gcc/arm-none-eabi/5.3.1/../../../../arm-none-eabi/lib/armv7-m/libc.a(lib_a-findfp.o)
                0x0000000000003608                __sfp_lock_acquire
 .text.__sfp_lock_release
                0x000000000000360c        0x4 /Applications/lpcxpresso_8.2.0_647/lpcxpresso/tools/bin/../lib/gcc/arm-none-eabi/5.3.1/../../../../arm-none-eabi/lib/armv7-m/libc.a(lib_a-findfp.o)
                0x000000000000360c                __sfp_lock_release
 .text.fprintf  0x0000000000003610       0x28 /Applications/lpcxpresso_8.2.0_647/lpcxpresso/tools/bin/../lib/gcc/arm-none-eabi/5.3.1/../../../../arm-none-eabi/lib/armv7-m/libc.a(lib_a-fprintf.o)
                0x0000000000003610                fprintf
 .text._malloc_trim_r
                0x0000000000003638       0x9c /Applications/lpcxpresso_8.2.0_647/lpcxpresso/tools/bin/../lib/gcc/arm-none-eabi/5.3.1/../../../../arm-none-eabi/lib/armv7-m/libc.a(lib_a-freer.o)
                0x0000000000003638                _malloc_trim_r
 .text._free_r  0x00000000000036d4      0x1d0 /Applications/lpcxpresso_8.2.0_647/lpcxpresso/tools/bin/../lib/gcc/arm-none-eabi/5.3.1/../../../../arm-none-eabi/lib/armv7-m/libc.a(lib_a-freer.o)
                0x00000000000036d4                _free_r
 .text._fstat_r
                0x00000000000038a4       0x28 /Applications/lpcxpresso_8.2.0_647/lpcxpresso/tools/bin/../lib/gcc/arm-none-eabi/5.3.1/../../../../arm-none-eabi/lib/armv7-m/libc.a(lib_a-fstatr.o)
                0x00000000000038a4                _fstat_r
 .text.__sfvwrite_r
                0x00000000000038cc      0x308 /Applications/lpcxpresso_8.2.0_647/lpcxpresso/tools/bin/../lib/gcc/arm-none-eabi/5.3.1/../../../../arm-none-eabi/lib/armv7-m/libc.a(lib_a-fvwrite.o)
                0x00000000000038cc                __sfvwrite_r
 .text._fwalk_reent
                0x0000000000003bd4       0x50 /Applications/lpcxpresso_8.2.0_647/lpcxpresso/tools/bin/../lib/gcc/arm-none-eabi/5.3.1/../../../../arm-none-eabi/lib/armv7-m/libc.a(lib_a-fwalk.o)
                0x0000000000003bd4                _fwalk_reent
 .text.__libc_init_array
                0x0000000000003c24       0x50 /Applications/lpcxpresso_8.2.0_647/lpcxpresso/tools/bin/../lib/gcc/arm-none-eabi/5.3.1/../../../../arm-none-eabi/lib/armv7-m/libc.a(lib_a-init.o)
                0x0000000000003c24                __libc_init_array
 .text.__swhatbuf_r
                0x0000000000003c74       0x60 /Applications/lpcxpresso_8.2.0_647/lpcxpresso/tools/bin/../lib/gcc/arm-none-eabi/5.3.1/../../../../arm-none-eabi/lib/armv7-m/libc.a(lib_a-makebuf.o)
                0x0000000000003c74                __swhatbuf_r
 .text.__smakebuf_r
                0x0000000000003cd4       0x88 /Applications/lpcxpresso_8.2.0_647/lpcxpresso/tools/bin/../lib/gcc/arm-none-eabi/5.3.1/../../../../arm-none-eabi/lib/armv7-m/libc.a(lib_a-makebuf.o)
                0x0000000000003cd4                __smakebuf_r
 .text.malloc   0x0000000000003d5c       0x10 /Applications/lpcxpresso_8.2.0_647/lpcxpresso/tools/bin/../lib/gcc/arm-none-eabi/5.3.1/../../../../arm-none-eabi/lib/armv7-m/libc.a(lib_a-malloc.o)
                0x0000000000003d5c                malloc
 .text.free     0x0000000000003d6c       0x10 /Applications/lpcxpresso_8.2.0_647/lpcxpresso/tools/bin/../lib/gcc/arm-none-eabi/5.3.1/../../../../arm-none-eabi/lib/armv7-m/libc.a(lib_a-malloc.o)
                0x0000000000003d6c                free
 .text._malloc_r
                0x0000000000003d7c      0x558 /Applications/lpcxpresso_8.2.0_647/lpcxpresso/tools/bin/../lib/gcc/arm-none-eabi/5.3.1/../../../../arm-none-eabi/lib/armv7-m/libc.a(lib_a-mallocr.o)
                0x0000000000003d7c                _malloc_r
 .text.memchr   0x00000000000042d4       0x8c /Applications/lpcxpresso_8.2.0_647/lpcxpresso/tools/bin/../lib/gcc/arm-none-eabi/5.3.1/../../../../arm-none-eabi/lib/armv7-m/libc.a(lib_a-memchr-stub.o)
                0x00000000000042d4                memchr
 .text          0x0000000000004360       0xec /Applications/lpcxpresso_8.2.0_647/lpcxpresso/tools/bin/../lib/gcc/arm-none-eabi/5.3.1/../../../../arm-none-eabi/lib/armv7-m/libc.a(lib_a-memcpy.o)
                0x0000000000004360                memcpy
 .text.memmove  0x000000000000444c       0xc8 /Applications/lpcxpresso_8.2.0_647/lpcxpresso/tools/bin/../lib/gcc/arm-none-eabi/5.3.1/../../../../arm-none-eabi/lib/armv7-m/libc.a(lib_a-memmove.o)
                0x000000000000444c                memmove
 .text.memset   0x0000000000004514       0x9c /Applications/lpcxpresso_8.2.0_647/lpcxpresso/tools/bin/../lib/gcc/arm-none-eabi/5.3.1/../../../../arm-none-eabi/lib/armv7-m/libc.a(lib_a-memset.o)
                0x0000000000004514                memset
 .text.__malloc_lock
                0x00000000000045b0        0x4 /Applications/lpcxpresso_8.2.0_647/lpcxpresso/tools/bin/../lib/gcc/arm-none-eabi/5.3.1/../../../../arm-none-eabi/lib/armv7-m/libc.a(lib_a-mlock.o)
                0x00000000000045b0                __malloc_lock
 .text.__malloc_unlock
                0x00000000000045b4        0x4 /Applications/lpcxpresso_8.2.0_647/lpcxpresso/tools/bin/../lib/gcc/arm-none-eabi/5.3.1/../../../../arm-none-eabi/lib/armv7-m/libc.a(lib_a-mlock.o)
                0x00000000000045b4                __malloc_unlock
 .text._realloc_r
                0x00000000000045b8      0x3d4 /Applications/lpcxpresso_8.2.0_647/lpcxpresso/tools/bin/../lib/gcc/arm-none-eabi/5.3.1/../../../../arm-none-eabi/lib/armv7-m/libc.a(lib_a-reallocr.o)
                0x00000000000045b8                _realloc_r
 .text._sbrk_r  0x000000000000498c       0x24 /Applications/lpcxpresso_8.2.0_647/lpcxpresso/tools/bin/../lib/gcc/arm-none-eabi/5.3.1/../../../../arm-none-eabi/lib/armv7-m/libc.a(lib_a-sbrkr.o)
                0x000000000000498c                _sbrk_r
 .text.__sread  0x00000000000049b0       0x24 /Applications/lpcxpresso_8.2.0_647/lpcxpresso/tools/bin/../lib/gcc/arm-none-eabi/5.3.1/../../../../arm-none-eabi/lib/armv7-m/libc.a(lib_a-stdio.o)
                0x00000000000049b0                __sread
 .text.__swrite
                0x00000000000049d4       0x3c /Applications/lpcxpresso_8.2.0_647/lpcxpresso/tools/bin/../lib/gcc/arm-none-eabi/5.3.1/../../../../arm-none-eabi/lib/armv7-m/libc.a(lib_a-stdio.o)
                0x00000000000049d4                __swrite
 .text.__sseek  0x0000000000004a10       0x20 /Applications/lpcxpresso_8.2.0_647/lpcxpresso/tools/bin/../lib/gcc/arm-none-eabi/5.3.1/../../../../arm-none-eabi/lib/armv7-m/libc.a(lib_a-stdio.o)
                0x0000000000004a10                __sseek
 .text.__sclose
                0x0000000000004a30        0x8 /Applications/lpcxpresso_8.2.0_647/lpcxpresso/tools/bin/../lib/gcc/arm-none-eabi/5.3.1/../../../../arm-none-eabi/lib/armv7-m/libc.a(lib_a-stdio.o)
                0x0000000000004a30                __sclose
 .text          0x0000000000004a38      0x1bc /Applications/lpcxpresso_8.2.0_647/lpcxpresso/tools/bin/../lib/gcc/arm-none-eabi/5.3.1/../../../../arm-none-eabi/lib/armv7-m/libc.a(lib_a-strcmp.o)
                0x0000000000004a38                strcmp
 .text.strlen   0x0000000000004bf4       0x5c /Applications/lpcxpresso_8.2.0_647/lpcxpresso/tools/bin/../lib/gcc/arm-none-eabi/5.3.1/../../../../arm-none-eabi/lib/armv7-m/libc.a(lib_a-strlen-stub.o)
                0x0000000000004bf4                strlen
 .text._vfprintf_r
                0x0000000000004c50     0x1788 /Applications/lpcxpresso_8.2.0_647/lpcxpresso/tools/bin/../lib/gcc/arm-none-eabi/5.3.1/../../../../arm-none-eabi/lib/armv7-m/libc.a(lib_a-vfprintf.o)
                0x0000000000004c50                _vfprintf_r
 .text.__sbprintf
                0x00000000000063d8       0x6c /Applications/lpcxpresso_8.2.0_647/lpcxpresso/tools/bin/../lib/gcc/arm-none-eabi/5.3.1/../../../../arm-none-eabi/lib/armv7-m/libc.a(lib_a-vfprintf.o)
 .text.__swbuf_r
                0x0000000000006444       0xac /Applications/lpcxpresso_8.2.0_647/lpcxpresso/tools/bin/../lib/gcc/arm-none-eabi/5.3.1/../../../../arm-none-eabi/lib/armv7-m/libc.a(lib_a-wbuf.o)
                0x0000000000006444                __swbuf_r
 .text._write_r
                0x00000000000064f0       0x2c /Applications/lpcxpresso_8.2.0_647/lpcxpresso/tools/bin/../lib/gcc/arm-none-eabi/5.3.1/../../../../arm-none-eabi/lib/armv7-m/libc.a(lib_a-writer.o)
                0x00000000000064f0                _write_r
 .text.__swsetup_r
                0x000000000000651c       0xc8 /Applications/lpcxpresso_8.2.0_647/lpcxpresso/tools/bin/../lib/gcc/arm-none-eabi/5.3.1/../../../../arm-none-eabi/lib/armv7-m/libc.a(lib_a-wsetup.o)
                0x000000000000651c                __swsetup_r
 .text._close_r
                0x00000000000065e4       0x24 /Applications/lpcxpresso_8.2.0_647/lpcxpresso/tools/bin/../lib/gcc/arm-none-eabi/5.3.1/../../../../arm-none-eabi/lib/armv7-m/libc.a(lib_a-closer.o)
                0x00000000000065e4                _close_r
 .text.quorem   0x0000000000006608      0x12c /Applications/lpcxpresso_8.2.0_647/lpcxpresso/tools/bin/../lib/gcc/arm-none-eabi/5.3.1/../../../../arm-none-eabi/lib/armv7-m/libc.a(lib_a-dtoa.o)
 *fill*         0x0000000000006734        0x4 ff
 .text._dtoa_r  0x0000000000006738      0xe4c /Applications/lpcxpresso_8.2.0_647/lpcxpresso/tools/bin/../lib/gcc/arm-none-eabi/5.3.1/../../../../arm-none-eabi/lib/armv7-m/libc.a(lib_a-dtoa.o)
                0x0000000000006738                _dtoa_r
 .text._isatty_r
                0x0000000000007584       0x24 /Applications/lpcxpresso_8.2.0_647/lpcxpresso/tools/bin/../lib/gcc/arm-none-eabi/5.3.1/../../../../arm-none-eabi/lib/armv7-m/libc.a(lib_a-isattyr.o)
                0x0000000000007584                _isatty_r
 .text.__locale_charset
                0x00000000000075a8        0x8 /Applications/lpcxpresso_8.2.0_647/lpcxpresso/tools/bin/../lib/gcc/arm-none-eabi/5.3.1/../../../../arm-none-eabi/lib/armv7-m/libc.a(lib_a-locale.o)
                0x00000000000075a8                __locale_charset
 .text.__locale_mb_cur_max
                0x00000000000075b0        0xc /Applications/lpcxpresso_8.2.0_647/lpcxpresso/tools/bin/../lib/gcc/arm-none-eabi/5.3.1/../../../../arm-none-eabi/lib/armv7-m/libc.a(lib_a-locale.o)
                0x00000000000075b0                __locale_mb_cur_max
 .text._localeconv_r
                0x00000000000075bc        0x8 /Applications/lpcxpresso_8.2.0_647/lpcxpresso/tools/bin/../lib/gcc/arm-none-eabi/5.3.1/../../../../arm-none-eabi/lib/armv7-m/libc.a(lib_a-locale.o)
                0x00000000000075bc                _localeconv_r
 .text._lseek_r
                0x00000000000075c4       0x2c /Applications/lpcxpresso_8.2.0_647/lpcxpresso/tools/bin/../lib/gcc/arm-none-eabi/5.3.1/../../../../arm-none-eabi/lib/armv7-m/libc.a(lib_a-lseekr.o)
                0x00000000000075c4                _lseek_r
 .text._Balloc  0x00000000000075f0       0x50 /Applications/lpcxpresso_8.2.0_647/lpcxpresso/tools/bin/../lib/gcc/arm-none-eabi/5.3.1/../../../../arm-none-eabi/lib/armv7-m/libc.a(lib_a-mprec.o)
                0x00000000000075f0                _Balloc
 .text._Bfree   0x0000000000007640       0x14 /Applications/lpcxpresso_8.2.0_647/lpcxpresso/tools/bin/../lib/gcc/arm-none-eabi/5.3.1/../../../../arm-none-eabi/lib/armv7-m/libc.a(lib_a-mprec.o)
                0x0000000000007640                _Bfree
 .text.__multadd
                0x0000000000007654       0x80 /Applications/lpcxpresso_8.2.0_647/lpcxpresso/tools/bin/../lib/gcc/arm-none-eabi/5.3.1/../../../../arm-none-eabi/lib/armv7-m/libc.a(lib_a-mprec.o)
                0x0000000000007654                __multadd
 .text.__hi0bits
                0x00000000000076d4       0x40 /Applications/lpcxpresso_8.2.0_647/lpcxpresso/tools/bin/../lib/gcc/arm-none-eabi/5.3.1/../../../../arm-none-eabi/lib/armv7-m/libc.a(lib_a-mprec.o)
                0x00000000000076d4                __hi0bits
 .text.__lo0bits
                0x0000000000007714       0x5c /Applications/lpcxpresso_8.2.0_647/lpcxpresso/tools/bin/../lib/gcc/arm-none-eabi/5.3.1/../../../../arm-none-eabi/lib/armv7-m/libc.a(lib_a-mprec.o)
                0x0000000000007714                __lo0bits
 .text.__i2b    0x0000000000007770       0x14 /Applications/lpcxpresso_8.2.0_647/lpcxpresso/tools/bin/../lib/gcc/arm-none-eabi/5.3.1/../../../../arm-none-eabi/lib/armv7-m/libc.a(lib_a-mprec.o)
                0x0000000000007770                __i2b
 .text.__multiply
                0x0000000000007784      0x13c /Applications/lpcxpresso_8.2.0_647/lpcxpresso/tools/bin/../lib/gcc/arm-none-eabi/5.3.1/../../../../arm-none-eabi/lib/armv7-m/libc.a(lib_a-mprec.o)
                0x0000000000007784                __multiply
 .text.__pow5mult
                0x00000000000078c0       0xa0 /Applications/lpcxpresso_8.2.0_647/lpcxpresso/tools/bin/../lib/gcc/arm-none-eabi/5.3.1/../../../../arm-none-eabi/lib/armv7-m/libc.a(lib_a-mprec.o)
                0x00000000000078c0                __pow5mult
 .text.__lshift
                0x0000000000007960       0xac /Applications/lpcxpresso_8.2.0_647/lpcxpresso/tools/bin/../lib/gcc/arm-none-eabi/5.3.1/../../../../arm-none-eabi/lib/armv7-m/libc.a(lib_a-mprec.o)
                0x0000000000007960                __lshift
 .text.__mcmp   0x0000000000007a0c       0x40 /Applications/lpcxpresso_8.2.0_647/lpcxpresso/tools/bin/../lib/gcc/arm-none-eabi/5.3.1/../../../../arm-none-eabi/lib/armv7-m/libc.a(lib_a-mprec.o)
                0x0000000000007a0c                __mcmp
 .text.__mdiff  0x0000000000007a4c      0x128 /Applications/lpcxpresso_8.2.0_647/lpcxpresso/tools/bin/../lib/gcc/arm-none-eabi/5.3.1/../../../../arm-none-eabi/lib/armv7-m/libc.a(lib_a-mprec.o)
                0x0000000000007a4c                __mdiff
 .text.__d2b    0x0000000000007b74       0xa8 /Applications/lpcxpresso_8.2.0_647/lpcxpresso/tools/bin/../lib/gcc/arm-none-eabi/5.3.1/../../../../arm-none-eabi/lib/armv7-m/libc.a(lib_a-mprec.o)
                0x0000000000007b74                __d2b
 .text._read_r  0x0000000000007c1c       0x2c /Applications/lpcxpresso_8.2.0_647/lpcxpresso/tools/bin/../lib/gcc/arm-none-eabi/5.3.1/../../../../arm-none-eabi/lib/armv7-m/libc.a(lib_a-readr.o)
                0x0000000000007c1c                _read_r
 .text.__sprint_r.part.0
                0x0000000000007c48       0x78 /Applications/lpcxpresso_8.2.0_647/lpcxpresso/tools/bin/../lib/gcc/arm-none-eabi/5.3.1/../../../../arm-none-eabi/lib/armv7-m/libc.a(lib_a-vfiprintf.o)
 .text.__sprint_r
                0x0000000000007cc0       0x14 /Applications/lpcxpresso_8.2.0_647/lpcxpresso/tools/bin/../lib/gcc/arm-none-eabi/5.3.1/../../../../arm-none-eabi/lib/armv7-m/libc.a(lib_a-vfiprintf.o)
                0x0000000000007cc0                __sprint_r
 .text._calloc_r
                0x0000000000007cd4       0x60 /Applications/lpcxpresso_8.2.0_647/lpcxpresso/tools/bin/../lib/gcc/arm-none-eabi/5.3.1/../../../../arm-none-eabi/lib/armv7-m/libc.a(lib_a-callocr.o)
                0x0000000000007cd4                _calloc_r
 .text.__fputwc
                0x0000000000007d34       0x94 /Applications/lpcxpresso_8.2.0_647/lpcxpresso/tools/bin/../lib/gcc/arm-none-eabi/5.3.1/../../../../arm-none-eabi/lib/armv7-m/libc.a(lib_a-fputwc.o)
                0x0000000000007d34                __fputwc
 .text._fputwc_r
                0x0000000000007dc8       0x24 /Applications/lpcxpresso_8.2.0_647/lpcxpresso/tools/bin/../lib/gcc/arm-none-eabi/5.3.1/../../../../arm-none-eabi/lib/armv7-m/libc.a(lib_a-fputwc.o)
                0x0000000000007dc8                _fputwc_r
 .text._wcrtomb_r
                0x0000000000007dec       0x54 /Applications/lpcxpresso_8.2.0_647/lpcxpresso/tools/bin/../lib/gcc/arm-none-eabi/5.3.1/../../../../arm-none-eabi/lib/armv7-m/libc.a(lib_a-wcrtomb.o)
                0x0000000000007dec                _wcrtomb_r
 .text.__ascii_wctomb
                0x0000000000007e40       0x1c /Applications/lpcxpresso_8.2.0_647/lpcxpresso/tools/bin/../lib/gcc/arm-none-eabi/5.3.1/../../../../arm-none-eabi/lib/armv7-m/libc.a(lib_a-wctomb_r.o)
                0x0000000000007e40                __ascii_wctomb
 .text._ZNK10__cxxabiv117__class_type_info11__do_upcastEPKS0_PPv
                0x0000000000007e5c       0x38 /Applications/lpcxpresso_8.2.0_647/lpcxpresso/tools/bin/../lib/gcc/arm-none-eabi/5.3.1/../../../../arm-none-eabi/lib/armv7-m/libstdc++.a(class_type_info.o)
                0x0000000000007e5c                __cxxabiv1::__class_type_info::__do_upcast(__cxxabiv1::__class_type_info const*, void**) const
 .text._ZNK10__cxxabiv117__class_type_info20__do_find_public_srcEiPKvPKS0_S2_
                0x0000000000007e94        0xc /Applications/lpcxpresso_8.2.0_647/lpcxpresso/tools/bin/../lib/gcc/arm-none-eabi/5.3.1/../../../../arm-none-eabi/lib/armv7-m/libstdc++.a(class_type_info.o)
                0x0000000000007e94                __cxxabiv1::__class_type_info::__do_find_public_src(int, void const*, __cxxabiv1::__class_type_info const*, void const*) const
 .text._ZN10__cxxabiv117__class_type_infoD2Ev
                0x0000000000007ea0       0x14 /Applications/lpcxpresso_8.2.0_647/lpcxpresso/tools/bin/../lib/gcc/arm-none-eabi/5.3.1/../../../../arm-none-eabi/lib/armv7-m/libstdc++.a(class_type_info.o)
                0x0000000000007ea0                __cxxabiv1::__class_type_info::~__class_type_info()
                0x0000000000007ea0                __cxxabiv1::__class_type_info::~__class_type_info()
 .text._ZN10__cxxabiv117__class_type_infoD0Ev
                0x0000000000007eb4       0x1c /Applications/lpcxpresso_8.2.0_647/lpcxpresso/tools/bin/../lib/gcc/arm-none-eabi/5.3.1/../../../../arm-none-eabi/lib/armv7-m/libstdc++.a(class_type_info.o)
                0x0000000000007eb4                __cxxabiv1::__class_type_info::~__class_type_info()
 .text._ZNK10__cxxabiv117__class_type_info11__do_upcastEPKS0_PKvRNS0_15__upcast_resultE
                0x0000000000007ed0       0x18 /Applications/lpcxpresso_8.2.0_647/lpcxpresso/tools/bin/../lib/gcc/arm-none-eabi/5.3.1/../../../../arm-none-eabi/lib/armv7-m/libstdc++.a(class_type_info.o)
                0x0000000000007ed0                __cxxabiv1::__class_type_info::__do_upcast(__cxxabiv1::__class_type_info const*, void const*, __cxxabiv1::__class_type_info::__upcast_result&) const
 .text._ZNK10__cxxabiv117__class_type_info12__do_dyncastEiNS0_10__sub_kindEPKS0_PKvS3_S5_RNS0_16__dyncast_resultE
                0x0000000000007ee8       0x40 /Applications/lpcxpresso_8.2.0_647/lpcxpresso/tools/bin/../lib/gcc/arm-none-eabi/5.3.1/../../../../arm-none-eabi/lib/armv7-m/libstdc++.a(class_type_info.o)
                0x0000000000007ee8                __cxxabiv1::__class_type_info::__do_dyncast(int, __cxxabiv1::__class_type_info::__sub_kind, __cxxabiv1::__class_type_info const*, void const*, __cxxabiv1::__class_type_info const*, void const*, __cxxabiv1::__class_type_info::__dyncast_result&) const
 .text._ZNK10__cxxabiv117__class_type_info10__do_catchEPKSt9type_infoPPvj
                0x0000000000007f28       0x2c /Applications/lpcxpresso_8.2.0_647/lpcxpresso/tools/bin/../lib/gcc/arm-none-eabi/5.3.1/../../../../arm-none-eabi/lib/armv7-m/libstdc++.a(class_type_info.o)
                0x0000000000007f28                __cxxabiv1::__class_type_info::__do_catch(std::type_info const*, void**, unsigned int) const
 .text._ZN10__cxxabiv120__si_class_type_infoD2Ev
                0x0000000000007f54       0x14 /Applications/lpcxpresso_8.2.0_647/lpcxpresso/tools/bin/../lib/gcc/arm-none-eabi/5.3.1/../../../../arm-none-eabi/lib/armv7-m/libstdc++.a(si_class_type_info.o)
                0x0000000000007f54                __cxxabiv1::__si_class_type_info::~__si_class_type_info()
                0x0000000000007f54                __cxxabiv1::__si_class_type_info::~__si_class_type_info()
 .text._ZN10__cxxabiv120__si_class_type_infoD0Ev
                0x0000000000007f68       0x1c /Applications/lpcxpresso_8.2.0_647/lpcxpresso/tools/bin/../lib/gcc/arm-none-eabi/5.3.1/../../../../arm-none-eabi/lib/armv7-m/libstdc++.a(si_class_type_info.o)
                0x0000000000007f68                __cxxabiv1::__si_class_type_info::~__si_class_type_info()
 .text._ZNK10__cxxabiv120__si_class_type_info12__do_dyncastEiNS_17__class_type_info10__sub_kindEPKS1_PKvS4_S6_RNS1_16__dyncast_resultE
                0x0000000000007f84       0x98 /Applications/lpcxpresso_8.2.0_647/lpcxpresso/tools/bin/../lib/gcc/arm-none-eabi/5.3.1/../../../../arm-none-eabi/lib/armv7-m/libstdc++.a(si_class_type_info.o)
                0x0000000000007f84                __cxxabiv1::__si_class_type_info::__do_dyncast(int, __cxxabiv1::__class_type_info::__sub_kind, __cxxabiv1::__class_type_info const*, void const*, __cxxabiv1::__class_type_info const*, void const*, __cxxabiv1::__class_type_info::__dyncast_result&) const
 .text._ZNK10__cxxabiv120__si_class_type_info20__do_find_public_srcEiPKvPKNS_17__class_type_infoES2_
                0x000000000000801c       0x3c /Applications/lpcxpresso_8.2.0_647/lpcxpresso/tools/bin/../lib/gcc/arm-none-eabi/5.3.1/../../../../arm-none-eabi/lib/armv7-m/libstdc++.a(si_class_type_info.o)
                0x000000000000801c                __cxxabiv1::__si_class_type_info::__do_find_public_src(int, void const*, __cxxabiv1::__class_type_info const*, void const*) const
 .text._ZNK10__cxxabiv120__si_class_type_info11__do_upcastEPKNS_17__class_type_infoEPKvRNS1_15__upcast_resultE
                0x0000000000008058       0x2c /Applications/lpcxpresso_8.2.0_647/lpcxpresso/tools/bin/../lib/gcc/arm-none-eabi/5.3.1/../../../../arm-none-eabi/lib/armv7-m/libstdc++.a(si_class_type_info.o)
                0x0000000000008058                __cxxabiv1::__si_class_type_info::__do_upcast(__cxxabiv1::__class_type_info const*, void const*, __cxxabiv1::__class_type_info::__upcast_result&) const
 .text._ZNSt9type_infoD2Ev
                0x0000000000008084        0x4 /Applications/lpcxpresso_8.2.0_647/lpcxpresso/tools/bin/../lib/gcc/arm-none-eabi/5.3.1/../../../../arm-none-eabi/lib/armv7-m/libstdc++.a(tinfo.o)
                0x0000000000008084                std::type_info::~type_info()
                0x0000000000008084                std::type_info::~type_info()
 .text._ZNKSt9type_info15__is_function_pEv
                0x0000000000008088        0x4 /Applications/lpcxpresso_8.2.0_647/lpcxpresso/tools/bin/../lib/gcc/arm-none-eabi/5.3.1/../../../../arm-none-eabi/lib/armv7-m/libstdc++.a(tinfo.o)
                0x0000000000008088                std::type_info::__is_function_p() const
                0x0000000000008088                std::type_info::__is_pointer_p() const
 .text._ZNKSt9type_infoeqERKS_
                0x000000000000808c       0x2c /Applications/lpcxpresso_8.2.0_647/lpcxpresso/tools/bin/../lib/gcc/arm-none-eabi/5.3.1/../../../../arm-none-eabi/lib/armv7-m/libstdc++.a(tinfo.o)
                0x000000000000808c                std::type_info::operator==(std::type_info const&) const
 .text._ZN10__cxxabiv111__terminateEPFvvE
                0x00000000000080b8       0x28 /Applications/lpcxpresso_8.2.0_647/lpcxpresso/tools/bin/../lib/gcc/arm-none-eabi/5.3.1/../../../../arm-none-eabi/lib/armv7-m/libstdc++.a(eh_terminate.o)
                0x00000000000080b8                __cxxabiv1::__terminate(void (*)())
 .text._ZSt9terminatev
                0x00000000000080e0       0x14 /Applications/lpcxpresso_8.2.0_647/lpcxpresso/tools/bin/../lib/gcc/arm-none-eabi/5.3.1/../../../../arm-none-eabi/lib/armv7-m/libstdc++.a(eh_terminate.o)
                0x00000000000080e0                std::terminate()
 .text._ZN10__cxxabiv112__unexpectedEPFvvE
                0x00000000000080f4        0x8 /Applications/lpcxpresso_8.2.0_647/lpcxpresso/tools/bin/../lib/gcc/arm-none-eabi/5.3.1/../../../../arm-none-eabi/lib/armv7-m/libstdc++.a(eh_terminate.o)
                0x00000000000080f4                __cxxabiv1::__unexpected(void (*)())
 .text._ZSt10unexpectedv
                0x00000000000080fc       0x14 /Applications/lpcxpresso_8.2.0_647/lpcxpresso/tools/bin/../lib/gcc/arm-none-eabi/5.3.1/../../../../arm-none-eabi/lib/armv7-m/libstdc++.a(eh_terminate.o)
                0x00000000000080fc                std::unexpected()
 .text._ZSt13get_terminatev
                0x0000000000008110       0x10 /Applications/lpcxpresso_8.2.0_647/lpcxpresso/tools/bin/../lib/gcc/arm-none-eabi/5.3.1/../../../../arm-none-eabi/lib/armv7-m/libstdc++.a(eh_terminate.o)
                0x0000000000008110                std::get_terminate()
 .text._ZSt14get_unexpectedv
                0x0000000000008120       0x10 /Applications/lpcxpresso_8.2.0_647/lpcxpresso/tools/bin/../lib/gcc/arm-none-eabi/5.3.1/../../../../arm-none-eabi/lib/armv7-m/libstdc++.a(eh_terminate.o)
                0x0000000000008120                std::get_unexpected()
 .text.__cxa_end_cleanup
                0x0000000000008130        0xc /Applications/lpcxpresso_8.2.0_647/lpcxpresso/tools/bin/../lib/gcc/arm-none-eabi/5.3.1/../../../../arm-none-eabi/lib/armv7-m/libstdc++.a(eh_arm.o)
                0x0000000000008130                __cxa_end_cleanup
 .text.__cxa_type_match
                0x000000000000813c       0xb0 /Applications/lpcxpresso_8.2.0_647/lpcxpresso/tools/bin/../lib/gcc/arm-none-eabi/5.3.1/../../../../arm-none-eabi/lib/armv7-m/libstdc++.a(eh_arm.o)
                0x000000000000813c                __cxa_type_match
 .text.__cxa_begin_cleanup
                0x00000000000081ec       0x64 /Applications/lpcxpresso_8.2.0_647/lpcxpresso/tools/bin/../lib/gcc/arm-none-eabi/5.3.1/../../../../arm-none-eabi/lib/armv7-m/libstdc++.a(eh_arm.o)
                0x00000000000081ec                __cxa_begin_cleanup
 .text.__gnu_end_cleanup
                0x0000000000008250       0x70 /Applications/lpcxpresso_8.2.0_647/lpcxpresso/tools/bin/../lib/gcc/arm-none-eabi/5.3.1/../../../../arm-none-eabi/lib/armv7-m/libstdc++.a(eh_arm.o)
                0x0000000000008250                __gnu_end_cleanup
 .text._ZN10__cxxabiv1L24__is_gxx_exception_classEPc
                0x00000000000082c0       0x3c /Applications/lpcxpresso_8.2.0_647/lpcxpresso/tools/bin/../lib/gcc/arm-none-eabi/5.3.1/../../../../arm-none-eabi/lib/armv7-m/libstdc++.a(eh_call.o)
 .text.__cxa_call_terminate
                0x00000000000082fc       0x20 /Applications/lpcxpresso_8.2.0_647/lpcxpresso/tools/bin/../lib/gcc/arm-none-eabi/5.3.1/../../../../arm-none-eabi/lib/armv7-m/libstdc++.a(eh_call.o)
                0x00000000000082fc                __cxa_call_terminate
 .text.__cxa_call_unexpected
                0x000000000000831c       0xec /Applications/lpcxpresso_8.2.0_647/lpcxpresso/tools/bin/../lib/gcc/arm-none-eabi/5.3.1/../../../../arm-none-eabi/lib/armv7-m/libstdc++.a(eh_call.o)
                0x000000000000831c                __cxa_call_unexpected
 .text.__cxa_begin_catch
                0x0000000000008408       0x8c /Applications/lpcxpresso_8.2.0_647/lpcxpresso/tools/bin/../lib/gcc/arm-none-eabi/5.3.1/../../../../arm-none-eabi/lib/armv7-m/libstdc++.a(eh_catch.o)
                0x0000000000008408                __cxa_begin_catch
 .text.__cxa_end_catch
                0x0000000000008494       0x8c /Applications/lpcxpresso_8.2.0_647/lpcxpresso/tools/bin/../lib/gcc/arm-none-eabi/5.3.1/../../../../arm-none-eabi/lib/armv7-m/libstdc++.a(eh_catch.o)
                0x0000000000008494                __cxa_end_catch
 .text._ZNSt13bad_exceptionD2Ev
                0x0000000000008520        0x4 /Applications/lpcxpresso_8.2.0_647/lpcxpresso/tools/bin/../lib/gcc/arm-none-eabi/5.3.1/../../../../arm-none-eabi/lib/armv7-m/libstdc++.a(eh_exception.o)
                0x0000000000008520                std::bad_exception::~bad_exception()
                0x0000000000008520                std::bad_exception::~bad_exception()
 .text._ZNKSt13bad_exception4whatEv
                0x0000000000008524        0x8 /Applications/lpcxpresso_8.2.0_647/lpcxpresso/tools/bin/../lib/gcc/arm-none-eabi/5.3.1/../../../../arm-none-eabi/lib/armv7-m/libstdc++.a(eh_exception.o)
                0x0000000000008524                std::bad_exception::what() const
 .text._ZNSt13bad_exceptionD0Ev
                0x000000000000852c        0xc /Applications/lpcxpresso_8.2.0_647/lpcxpresso/tools/bin/../lib/gcc/arm-none-eabi/5.3.1/../../../../arm-none-eabi/lib/armv7-m/libstdc++.a(eh_exception.o)
                0x000000000000852c                std::bad_exception::~bad_exception()
 .text.__cxa_get_globals_fast
                0x0000000000008538        0x8 /Applications/lpcxpresso_8.2.0_647/lpcxpresso/tools/bin/../lib/gcc/arm-none-eabi/5.3.1/../../../../arm-none-eabi/lib/armv7-m/libstdc++.a(eh_globals.o)
                0x0000000000008538                __cxa_get_globals_fast
 .text.__cxa_get_globals
                0x0000000000008540        0x8 /Applications/lpcxpresso_8.2.0_647/lpcxpresso/tools/bin/../lib/gcc/arm-none-eabi/5.3.1/../../../../arm-none-eabi/lib/armv7-m/libstdc++.a(eh_globals.o)
                0x0000000000008540                __cxa_get_globals
 .text._ZL28read_encoded_value_with_basehjPKhPj
                0x0000000000008548       0xc0 /Applications/lpcxpresso_8.2.0_647/lpcxpresso/tools/bin/../lib/gcc/arm-none-eabi/5.3.1/../../../../arm-none-eabi/lib/armv7-m/libstdc++.a(eh_personality.o)
 .text._ZL21base_of_encoded_valuehP15_Unwind_Context
                0x0000000000008608       0x4c /Applications/lpcxpresso_8.2.0_647/lpcxpresso/tools/bin/../lib/gcc/arm-none-eabi/5.3.1/../../../../arm-none-eabi/lib/armv7-m/libstdc++.a(eh_personality.o)
 .text._ZL17parse_lsda_headerP15_Unwind_ContextPKhP16lsda_header_info
                0x0000000000008654       0x94 /Applications/lpcxpresso_8.2.0_647/lpcxpresso/tools/bin/../lib/gcc/arm-none-eabi/5.3.1/../../../../arm-none-eabi/lib/armv7-m/libstdc++.a(eh_personality.o)
 .text.__gxx_personality_v0
                0x00000000000086e8      0x4b0 /Applications/lpcxpresso_8.2.0_647/lpcxpresso/tools/bin/../lib/gcc/arm-none-eabi/5.3.1/../../../../arm-none-eabi/lib/armv7-m/libstdc++.a(eh_personality.o)
                0x00000000000086e8                __gxx_personality_v0
 .text._ZL23__gxx_exception_cleanup19_Unwind_Reason_CodeP21_Unwind_Control_Block
                0x0000000000008b98       0x44 /Applications/lpcxpresso_8.2.0_647/lpcxpresso/tools/bin/../lib/gcc/arm-none-eabi/5.3.1/../../../../arm-none-eabi/lib/armv7-m/libstdc++.a(eh_throw.o)
 .text.__cxa_throw
                0x0000000000008bdc       0x7c /Applications/lpcxpresso_8.2.0_647/lpcxpresso/tools/bin/../lib/gcc/arm-none-eabi/5.3.1/../../../../arm-none-eabi/lib/armv7-m/libstdc++.a(eh_throw.o)
                0x0000000000008bdc                __cxa_throw
 .text.__cxa_rethrow
                0x0000000000008c58       0x70 /Applications/lpcxpresso_8.2.0_647/lpcxpresso/tools/bin/../lib/gcc/arm-none-eabi/5.3.1/../../../../arm-none-eabi/lib/armv7-m/libstdc++.a(eh_throw.o)
                0x0000000000008c58                __cxa_rethrow
 .text._ZN12_GLOBAL__N_14pool4freeEPv.constprop.4
                0x0000000000008cc8       0x7c /Applications/lpcxpresso_8.2.0_647/lpcxpresso/tools/bin/../lib/gcc/arm-none-eabi/5.3.1/../../../../arm-none-eabi/lib/armv7-m/libstdc++.a(eh_alloc.o)
 .text._ZN12_GLOBAL__N_14pool8allocateEj.constprop.5
                0x0000000000008d44       0x64 /Applications/lpcxpresso_8.2.0_647/lpcxpresso/tools/bin/../lib/gcc/arm-none-eabi/5.3.1/../../../../arm-none-eabi/lib/armv7-m/libstdc++.a(eh_alloc.o)
 .text.__cxa_allocate_exception
                0x0000000000008da8       0x30 /Applications/lpcxpresso_8.2.0_647/lpcxpresso/tools/bin/../lib/gcc/arm-none-eabi/5.3.1/../../../../arm-none-eabi/lib/armv7-m/libstdc++.a(eh_alloc.o)
                0x0000000000008da8                __cxa_allocate_exception
 .text.__cxa_free_exception
                0x0000000000008dd8       0x20 /Applications/lpcxpresso_8.2.0_647/lpcxpresso/tools/bin/../lib/gcc/arm-none-eabi/5.3.1/../../../../arm-none-eabi/lib/armv7-m/libstdc++.a(eh_alloc.o)
                0x0000000000008dd8                __cxa_free_exception
 .text.startup._GLOBAL__sub_I___cxa_allocate_exception
                0x0000000000008df8       0x28 /Applications/lpcxpresso_8.2.0_647/lpcxpresso/tools/bin/../lib/gcc/arm-none-eabi/5.3.1/../../../../arm-none-eabi/lib/armv7-m/libstdc++.a(eh_alloc.o)
 .text.fabs     0x0000000000008e20        0x8 /Applications/lpcxpresso_8.2.0_647/lpcxpresso/tools/bin/../lib/gcc/arm-none-eabi/5.3.1/../../../../arm-none-eabi/lib/armv7-m/libm.a(lib_a-s_fabs.o)
                0x0000000000008e20                fabs
 .text._sbrk    0x0000000000008e28       0x3c /Applications/lpcxpresso_8.2.0_647/lpcxpresso/tools/bin/../lib/gcc/arm-none-eabi/5.3.1/../../../../arm-none-eabi/lib/armv7-m/libcr_newlib_nohost.a(_cr_sbrk.o)
                0x0000000000008e28                _sbrk
 .text.abort    0x0000000000008e64        0x2 /Applications/lpcxpresso_8.2.0_647/lpcxpresso/tools/bin/../lib/gcc/arm-none-eabi/5.3.1/../../../../arm-none-eabi/lib/armv7-m/libcr_newlib_nohost.a(cr_abort.o)
                0x0000000000008e64                abort
 *fill*         0x0000000000008e66        0x2 ff
 .text.__check_heap_overflow
                0x0000000000008e68       0x18 /Applications/lpcxpresso_8.2.0_647/lpcxpresso/tools/bin/../lib/gcc/arm-none-eabi/5.3.1/../../../../arm-none-eabi/lib/armv7-m/libcr_newlib_nohost.a(_cr_check_heap.o)
                0x0000000000008e68                __check_heap_overflow
 .text          0x0000000000008e80       0x5c /Applications/lpcxpresso_8.2.0_647/lpcxpresso/tools/bin/../lib/gcc/arm-none-eabi/5.3.1/armv7-m/crtbegin.o
 .text          0x0000000000008edc       0x2c /Applications/lpcxpresso_8.2.0_647/lpcxpresso/tools/bin/../lib/gcc/arm-none-eabi/5.3.1/armv7-m/libgcc.a(_arm_unorddf2.o)
                0x0000000000008edc                __aeabi_dcmpun
                0x0000000000008edc                __unorddf2
 .text          0x0000000000008f08      0x9e4 /Applications/lpcxpresso_8.2.0_647/lpcxpresso/tools/bin/../lib/gcc/arm-none-eabi/5.3.1/armv7-m/libgcc.a(unwind-arm.o)
                0x00000000000091c8                _Unwind_GetCFA
                0x00000000000091cc                __gnu_Unwind_RaiseException
                0x000000000000922c                __gnu_Unwind_ForcedUnwind
                0x0000000000009240                __gnu_Unwind_Resume
                0x0000000000009284                __gnu_Unwind_Resume_or_Rethrow
                0x0000000000009298                _Unwind_Complete
                0x000000000000929c                _Unwind_DeleteException
                0x00000000000092a8                _Unwind_VRS_Get
                0x00000000000092f4                _Unwind_VRS_Set
                0x0000000000009344                __gnu_Unwind_Backtrace
                0x0000000000009690                __aeabi_unwind_cpp_pr0
                0x0000000000009694                __aeabi_unwind_cpp_pr1
                0x0000000000009698                __aeabi_unwind_cpp_pr2
                0x000000000000969c                _Unwind_VRS_Pop
 .text          0x00000000000098ec      0x1ac /Applications/lpcxpresso_8.2.0_647/lpcxpresso/tools/bin/../lib/gcc/arm-none-eabi/5.3.1/armv7-m/libgcc.a(libunwind.o)
                0x00000000000098ec                __restore_core_regs
                0x00000000000098ec                restore_core_regs
                0x0000000000009904                __gnu_Unwind_Restore_VFP
                0x000000000000990c                __gnu_Unwind_Save_VFP
                0x0000000000009914                __gnu_Unwind_Restore_VFP_D
                0x000000000000991c                __gnu_Unwind_Save_VFP_D
                0x0000000000009924                __gnu_Unwind_Restore_VFP_D_16_to_31
                0x000000000000992c                __gnu_Unwind_Save_VFP_D_16_to_31
                0x0000000000009934                __gnu_Unwind_Restore_WMMXD
                0x0000000000009978                __gnu_Unwind_Save_WMMXD
                0x00000000000099bc                __gnu_Unwind_Restore_WMMXC
                0x00000000000099d0                __gnu_Unwind_Save_WMMXC
                0x00000000000099e4                _Unwind_RaiseException
                0x00000000000099e4                ___Unwind_RaiseException
                0x0000000000009a08                ___Unwind_Resume
                0x0000000000009a08                _Unwind_Resume
                0x0000000000009a2c                ___Unwind_Resume_or_Rethrow
                0x0000000000009a2c                _Unwind_Resume_or_Rethrow
                0x0000000000009a50                _Unwind_ForcedUnwind
                0x0000000000009a50                ___Unwind_ForcedUnwind
                0x0000000000009a74                _Unwind_Backtrace
                0x0000000000009a74                ___Unwind_Backtrace
 .text          0x0000000000009a98      0x354 /Applications/lpcxpresso_8.2.0_647/lpcxpresso/tools/bin/../lib/gcc/arm-none-eabi/5.3.1/armv7-m/libgcc.a(pr-support.o)
                0x0000000000009af0                __gnu_unwind_execute
                0x0000000000009d94                __gnu_unwind_frame
                0x0000000000009dbc                _Unwind_GetRegionStart
                0x0000000000009dc8                _Unwind_GetLanguageSpecificData
                0x0000000000009ddc                _Unwind_GetTextRelBase
                0x0000000000009de4                _Unwind_GetDataRelBase
 *(.rodata .rodata.*)
 .rodata._ZTVN4mbed11InterruptInE
                0x0000000000009dec       0x10 ./mbed/InterruptIn.o
                0x0000000000009dec                vtable for mbed::InterruptIn
 .rodata._ZTIN4mbed11InterruptInE
                0x0000000000009dfc        0x8 ./mbed/InterruptIn.o
                0x0000000000009dfc                typeinfo for mbed::InterruptIn
 .rodata._ZTSN4mbed11InterruptInE
                0x0000000000009e04       0x15 ./mbed/InterruptIn.o
                0x0000000000009e04                typeinfo name for mbed::InterruptIn
 *fill*         0x0000000000009e19        0x3 ff
 .rodata        0x0000000000009e1c        0xe ./mbed/stdio.o
 *fill*         0x0000000000009e2a        0x2 ff
 .rodata.PinMap_DAC
                0x0000000000009e2c       0x18 ./capi_device/analogout_api.o
 .rodata        0x0000000000009e44       0x2e ./capi_device/gpio_irq_api.o
 *fill*         0x0000000000009e72        0x2 ff
 .rodata.PinMap_PWM
                0x0000000000009e74       0xb4 ./capi_device/pwmout_api.o
 .rodata.PinMap_UART_TX
                0x0000000000009f28       0x6c ./capi_device/serial_api.o
 .rodata.PinMap_UART_RX
                0x0000000000009f94       0x6c ./capi_device/serial_api.o
 .rodata        0x000000000000a000       0xa6 ./capi_device/serial_api.o
 *fill*         0x000000000000a0a6        0x2 ff
 .rodata        0x000000000000a0a8       0x48 ./capi/pinmap_common.o
 .rodata.str1.4
                0x000000000000a0f0        0x2 /Applications/lpcxpresso_8.2.0_647/lpcxpresso/tools/bin/../lib/gcc/arm-none-eabi/5.3.1/../../../../arm-none-eabi/lib/armv7-m/libc.a(lib_a-impure.o)
 *fill*         0x000000000000a0f2        0x2 ff
 .rodata.zeroes.7050
                0x000000000000a0f4       0x10 /Applications/lpcxpresso_8.2.0_647/lpcxpresso/tools/bin/../lib/gcc/arm-none-eabi/5.3.1/../../../../arm-none-eabi/lib/armv7-m/libc.a(lib_a-vfprintf.o)
 .rodata.str1.4
                0x000000000000a104       0x42 /Applications/lpcxpresso_8.2.0_647/lpcxpresso/tools/bin/../lib/gcc/arm-none-eabi/5.3.1/../../../../arm-none-eabi/lib/armv7-m/libc.a(lib_a-vfprintf.o)
 *fill*         0x000000000000a146        0x2 ff
 .rodata.blanks.7049
                0x000000000000a148       0x10 /Applications/lpcxpresso_8.2.0_647/lpcxpresso/tools/bin/../lib/gcc/arm-none-eabi/5.3.1/../../../../arm-none-eabi/lib/armv7-m/libc.a(lib_a-vfprintf.o)
 .rodata.str1.4
                0x000000000000a158       0x10 /Applications/lpcxpresso_8.2.0_647/lpcxpresso/tools/bin/../lib/gcc/arm-none-eabi/5.3.1/../../../../arm-none-eabi/lib/armv7-m/libc.a(lib_a-dtoa.o)
                                         0x12 (size before relaxing)
 .rodata.str1.4
                0x000000000000a168        0xa /Applications/lpcxpresso_8.2.0_647/lpcxpresso/tools/bin/../lib/gcc/arm-none-eabi/5.3.1/../../../../arm-none-eabi/lib/armv7-m/libc.a(lib_a-locale.o)
                                         0x12 (size before relaxing)
 *fill*         0x000000000000a172        0x6 ff
 .rodata.__mprec_tens
                0x000000000000a178       0xc8 /Applications/lpcxpresso_8.2.0_647/lpcxpresso/tools/bin/../lib/gcc/arm-none-eabi/5.3.1/../../../../arm-none-eabi/lib/armv7-m/libc.a(lib_a-mprec.o)
                0x000000000000a178                __mprec_tens
 .rodata.__mprec_bigtens
                0x000000000000a240       0x28 /Applications/lpcxpresso_8.2.0_647/lpcxpresso/tools/bin/../lib/gcc/arm-none-eabi/5.3.1/../../../../arm-none-eabi/lib/armv7-m/libc.a(lib_a-mprec.o)
                0x000000000000a240                __mprec_bigtens
 .rodata.p05.5373
                0x000000000000a268        0xc /Applications/lpcxpresso_8.2.0_647/lpcxpresso/tools/bin/../lib/gcc/arm-none-eabi/5.3.1/../../../../arm-none-eabi/lib/armv7-m/libc.a(lib_a-mprec.o)
 .rodata._ZTVN10__cxxabiv117__class_type_infoE
                0x000000000000a274       0x2c /Applications/lpcxpresso_8.2.0_647/lpcxpresso/tools/bin/../lib/gcc/arm-none-eabi/5.3.1/../../../../arm-none-eabi/lib/armv7-m/libstdc++.a(class_type_info.o)
                0x000000000000a274                vtable for __cxxabiv1::__class_type_info
 .rodata._ZTIN10__cxxabiv117__class_type_infoE
                0x000000000000a2a0        0xc /Applications/lpcxpresso_8.2.0_647/lpcxpresso/tools/bin/../lib/gcc/arm-none-eabi/5.3.1/../../../../arm-none-eabi/lib/armv7-m/libstdc++.a(class_type_info.o)
                0x000000000000a2a0                typeinfo for __cxxabiv1::__class_type_info
 .rodata._ZTSN10__cxxabiv117__class_type_infoE
                0x000000000000a2ac       0x22 /Applications/lpcxpresso_8.2.0_647/lpcxpresso/tools/bin/../lib/gcc/arm-none-eabi/5.3.1/../../../../arm-none-eabi/lib/armv7-m/libstdc++.a(class_type_info.o)
                0x000000000000a2ac                typeinfo name for __cxxabiv1::__class_type_info
 *fill*         0x000000000000a2ce        0x2 ff
 .rodata._ZTVN10__cxxabiv120__si_class_type_infoE
                0x000000000000a2d0       0x2c /Applications/lpcxpresso_8.2.0_647/lpcxpresso/tools/bin/../lib/gcc/arm-none-eabi/5.3.1/../../../../arm-none-eabi/lib/armv7-m/libstdc++.a(si_class_type_info.o)
                0x000000000000a2d0                vtable for __cxxabiv1::__si_class_type_info
 .rodata._ZTIN10__cxxabiv120__si_class_type_infoE
                0x000000000000a2fc        0xc /Applications/lpcxpresso_8.2.0_647/lpcxpresso/tools/bin/../lib/gcc/arm-none-eabi/5.3.1/../../../../arm-none-eabi/lib/armv7-m/libstdc++.a(si_class_type_info.o)
                0x000000000000a2fc                typeinfo for __cxxabiv1::__si_class_type_info
 .rodata._ZTSN10__cxxabiv120__si_class_type_infoE
                0x000000000000a308       0x25 /Applications/lpcxpresso_8.2.0_647/lpcxpresso/tools/bin/../lib/gcc/arm-none-eabi/5.3.1/../../../../arm-none-eabi/lib/armv7-m/libstdc++.a(si_class_type_info.o)
                0x000000000000a308                typeinfo name for __cxxabiv1::__si_class_type_info
 *fill*         0x000000000000a32d        0x3 ff
 .rodata._ZTISt9type_info
                0x000000000000a330        0x8 /Applications/lpcxpresso_8.2.0_647/lpcxpresso/tools/bin/../lib/gcc/arm-none-eabi/5.3.1/../../../../arm-none-eabi/lib/armv7-m/libstdc++.a(tinfo.o)
                0x000000000000a330                typeinfo for std::type_info
 .rodata._ZTSSt9type_info
                0x000000000000a338        0xd /Applications/lpcxpresso_8.2.0_647/lpcxpresso/tools/bin/../lib/gcc/arm-none-eabi/5.3.1/../../../../arm-none-eabi/lib/armv7-m/libstdc++.a(tinfo.o)
                0x000000000000a338                typeinfo name for std::type_info
 *fill*         0x000000000000a345        0x3 ff
 .rodata._ZTSN10__cxxabiv115__forced_unwindE
                0x000000000000a348       0x20 /Applications/lpcxpresso_8.2.0_647/lpcxpresso/tools/bin/../lib/gcc/arm-none-eabi/5.3.1/../../../../arm-none-eabi/lib/armv7-m/libstdc++.a(eh_exception.o)
                0x000000000000a348                typeinfo name for __cxxabiv1::__forced_unwind
 .rodata._ZTIN10__cxxabiv115__forced_unwindE
                0x000000000000a368        0x8 /Applications/lpcxpresso_8.2.0_647/lpcxpresso/tools/bin/../lib/gcc/arm-none-eabi/5.3.1/../../../../arm-none-eabi/lib/armv7-m/libstdc++.a(eh_exception.o)
                0x000000000000a368                typeinfo for __cxxabiv1::__forced_unwind
 .rodata._ZTISt9exception
                0x000000000000a370        0x8 /Applications/lpcxpresso_8.2.0_647/lpcxpresso/tools/bin/../lib/gcc/arm-none-eabi/5.3.1/../../../../arm-none-eabi/lib/armv7-m/libstdc++.a(eh_exception.o)
                0x000000000000a370                typeinfo for std::exception
 .rodata._ZTSN10__cxxabiv119__foreign_exceptionE
                0x000000000000a378       0x24 /Applications/lpcxpresso_8.2.0_647/lpcxpresso/tools/bin/../lib/gcc/arm-none-eabi/5.3.1/../../../../arm-none-eabi/lib/armv7-m/libstdc++.a(eh_exception.o)
                0x000000000000a378                typeinfo name for __cxxabiv1::__foreign_exception
 .rodata.str1.4
                0x000000000000a39c       0x24 /Applications/lpcxpresso_8.2.0_647/lpcxpresso/tools/bin/../lib/gcc/arm-none-eabi/5.3.1/../../../../arm-none-eabi/lib/armv7-m/libstdc++.a(eh_exception.o)
                                         0x23 (size before relaxing)
 .rodata._ZTIN10__cxxabiv119__foreign_exceptionE
                0x000000000000a3c0        0x8 /Applications/lpcxpresso_8.2.0_647/lpcxpresso/tools/bin/../lib/gcc/arm-none-eabi/5.3.1/../../../../arm-none-eabi/lib/armv7-m/libstdc++.a(eh_exception.o)
                0x000000000000a3c0                typeinfo for __cxxabiv1::__foreign_exception
 .rodata._ZTVSt13bad_exception
                0x000000000000a3c8       0x14 /Applications/lpcxpresso_8.2.0_647/lpcxpresso/tools/bin/../lib/gcc/arm-none-eabi/5.3.1/../../../../arm-none-eabi/lib/armv7-m/libstdc++.a(eh_exception.o)
                0x000000000000a3c8                vtable for std::bad_exception
 .rodata._ZTSSt9exception
                0x000000000000a3dc        0xd /Applications/lpcxpresso_8.2.0_647/lpcxpresso/tools/bin/../lib/gcc/arm-none-eabi/5.3.1/../../../../arm-none-eabi/lib/armv7-m/libstdc++.a(eh_exception.o)
                0x000000000000a3dc                typeinfo name for std::exception
 *fill*         0x000000000000a3e9        0x3 ff
 .rodata._ZTSSt13bad_exception
                0x000000000000a3ec       0x12 /Applications/lpcxpresso_8.2.0_647/lpcxpresso/tools/bin/../lib/gcc/arm-none-eabi/5.3.1/../../../../arm-none-eabi/lib/armv7-m/libstdc++.a(eh_exception.o)
                0x000000000000a3ec                typeinfo name for std::bad_exception
 *fill*         0x000000000000a3fe        0x2 ff
 .rodata._ZTISt13bad_exception
                0x000000000000a400        0xc /Applications/lpcxpresso_8.2.0_647/lpcxpresso/tools/bin/../lib/gcc/arm-none-eabi/5.3.1/../../../../arm-none-eabi/lib/armv7-m/libstdc++.a(eh_exception.o)
                0x000000000000a400                typeinfo for std::bad_exception
                0x000000000000a40c                . = ALIGN (0x4)
                0x000000000000a40c                . = ALIGN (0x4)
 *(.init)
 .init          0x000000000000a40c        0x4 /Applications/lpcxpresso_8.2.0_647/lpcxpresso/tools/bin/../lib/gcc/arm-none-eabi/5.3.1/armv7-m/crti.o
                0x000000000000a40c                _init
 .init          0x000000000000a410        0x8 /Applications/lpcxpresso_8.2.0_647/lpcxpresso/tools/bin/../lib/gcc/arm-none-eabi/5.3.1/armv7-m/crtn.o
                0x000000000000a418                . = ALIGN (0x4)
                0x000000000000a418                __preinit_array_start = .
 *(.preinit_array)
                0x000000000000a418                __preinit_array_end = .
                0x000000000000a418                . = ALIGN (0x4)
                0x000000000000a418                __init_array_start = .
 *(SORT(.init_array.*))
 *(.init_array)
 .init_array    0x000000000000a418        0x4 ./main.o
 .init_array    0x000000000000a41c        0x4 /Applications/lpcxpresso_8.2.0_647/lpcxpresso/tools/bin/../lib/gcc/arm-none-eabi/5.3.1/../../../../arm-none-eabi/lib/armv7-m/libstdc++.a(eh_alloc.o)
 .init_array    0x000000000000a420        0x4 /Applications/lpcxpresso_8.2.0_647/lpcxpresso/tools/bin/../lib/gcc/arm-none-eabi/5.3.1/armv7-m/crtbegin.o
                0x000000000000a424                __init_array_end = .
 *(.fini)
 .fini          0x000000000000a424        0x4 /Applications/lpcxpresso_8.2.0_647/lpcxpresso/tools/bin/../lib/gcc/arm-none-eabi/5.3.1/armv7-m/crti.o
                0x000000000000a424                _fini
 .fini          0x000000000000a428        0x8 /Applications/lpcxpresso_8.2.0_647/lpcxpresso/tools/bin/../lib/gcc/arm-none-eabi/5.3.1/armv7-m/crtn.o
                0x000000000000a430                . = ALIGN (0x4)
 *crtbegin.o(.ctors)
 *(EXCLUDE_FILE(*crtend.o) .ctors)
 *(SORT(.ctors.*))
 *crtend.o(.ctors)
                0x000000000000a430                . = ALIGN (0x4)
 *crtbegin.o(.dtors)
 *(EXCLUDE_FILE(*crtend.o) .dtors)
 *(SORT(.dtors.*))
 *crtend.o(.dtors)

.glue_7         0x000000000000a430        0x0
 .glue_7        0x000000000000a430        0x0 linker stubs

.glue_7t        0x000000000000a430        0x0
 .glue_7t       0x000000000000a430        0x0 linker stubs

.vfp11_veneer   0x000000000000a430        0x0
 .vfp11_veneer  0x000000000000a430        0x0 linker stubs

.v4_bx          0x000000000000a430        0x0
 .v4_bx         0x000000000000a430        0x0 linker stubs

.iplt           0x000000000000a430        0x0
 .iplt          0x000000000000a430        0x0 ./mbed/BusIn.o

.ARM.extab      0x000000000000a430       0xd4
 *(.ARM.extab* .gnu.linkonce.armextab.*)
 .ARM.extab.text._ZN10__cxxabiv111__terminateEPFvvE
                0x000000000000a430       0x2c /Applications/lpcxpresso_8.2.0_647/lpcxpresso/tools/bin/../lib/gcc/arm-none-eabi/5.3.1/../../../../arm-none-eabi/lib/armv7-m/libstdc++.a(eh_terminate.o)
 .ARM.extab.text._ZN10__cxxabiv112__unexpectedEPFvvE
                0x000000000000a45c        0xc /Applications/lpcxpresso_8.2.0_647/lpcxpresso/tools/bin/../lib/gcc/arm-none-eabi/5.3.1/../../../../arm-none-eabi/lib/armv7-m/libstdc++.a(eh_terminate.o)
 .ARM.extab.text._ZSt10unexpectedv
                0x000000000000a468        0xc /Applications/lpcxpresso_8.2.0_647/lpcxpresso/tools/bin/../lib/gcc/arm-none-eabi/5.3.1/../../../../arm-none-eabi/lib/armv7-m/libstdc++.a(eh_terminate.o)
 .ARM.extab.text.__cxa_call_unexpected
                0x000000000000a474       0x28 /Applications/lpcxpresso_8.2.0_647/lpcxpresso/tools/bin/../lib/gcc/arm-none-eabi/5.3.1/../../../../arm-none-eabi/lib/armv7-m/libstdc++.a(eh_call.o)
 .ARM.extab.text.__cxa_begin_catch
                0x000000000000a49c       0x20 /Applications/lpcxpresso_8.2.0_647/lpcxpresso/tools/bin/../lib/gcc/arm-none-eabi/5.3.1/../../../../arm-none-eabi/lib/armv7-m/libstdc++.a(eh_catch.o)
 .ARM.extab.text._ZL21base_of_encoded_valuehP15_Unwind_Context
                0x000000000000a4bc        0xc /Applications/lpcxpresso_8.2.0_647/lpcxpresso/tools/bin/../lib/gcc/arm-none-eabi/5.3.1/../../../../arm-none-eabi/lib/armv7-m/libstdc++.a(eh_personality.o)
 .ARM.extab.text.__gxx_personality_v0
                0x000000000000a4c8       0x24 /Applications/lpcxpresso_8.2.0_647/lpcxpresso/tools/bin/../lib/gcc/arm-none-eabi/5.3.1/../../../../arm-none-eabi/lib/armv7-m/libstdc++.a(eh_personality.o)
 .ARM.extab     0x000000000000a4ec       0x18 /Applications/lpcxpresso_8.2.0_647/lpcxpresso/tools/bin/../lib/gcc/arm-none-eabi/5.3.1/armv7-m/libgcc.a(pr-support.o)
                0x000000000000a504                __exidx_start = .

.eh_frame       0x000000000000a504        0x0
 .eh_frame      0x000000000000a504        0x0 /Applications/lpcxpresso_8.2.0_647/lpcxpresso/tools/bin/../lib/gcc/arm-none-eabi/5.3.1/armv7-m/crtbegin.o

.ARM.exidx      0x000000000000a504      0x1a0
 *(.ARM.exidx* .gnu.linkonce.armexidx.*)
 .ARM.exidx     0x000000000000a504        0x8 /Applications/lpcxpresso_8.2.0_647/lpcxpresso/tools/bin/../lib/gcc/arm-none-eabi/5.3.1/armv7-m/libgcc.a(_udivmoddi4.o)
 .ARM.exidx.text._ZNK10__cxxabiv117__class_type_info11__do_upcastEPKS0_PPv
                0x000000000000a50c        0x8 /Applications/lpcxpresso_8.2.0_647/lpcxpresso/tools/bin/../lib/gcc/arm-none-eabi/5.3.1/../../../../arm-none-eabi/lib/armv7-m/libstdc++.a(class_type_info.o)
 .ARM.exidx.text._ZNK10__cxxabiv117__class_type_info20__do_find_public_srcEiPKvPKS0_S2_
                0x000000000000a514        0x8 /Applications/lpcxpresso_8.2.0_647/lpcxpresso/tools/bin/../lib/gcc/arm-none-eabi/5.3.1/../../../../arm-none-eabi/lib/armv7-m/libstdc++.a(class_type_info.o)
 .ARM.exidx.text._ZN10__cxxabiv117__class_type_infoD2Ev
                0x000000000000a51c        0x8 /Applications/lpcxpresso_8.2.0_647/lpcxpresso/tools/bin/../lib/gcc/arm-none-eabi/5.3.1/../../../../arm-none-eabi/lib/armv7-m/libstdc++.a(class_type_info.o)
 .ARM.exidx.text._ZN10__cxxabiv117__class_type_infoD0Ev
                0x000000000000a524        0x0 /Applications/lpcxpresso_8.2.0_647/lpcxpresso/tools/bin/../lib/gcc/arm-none-eabi/5.3.1/../../../../arm-none-eabi/lib/armv7-m/libstdc++.a(class_type_info.o)
                                          0x8 (size before relaxing)
 .ARM.exidx.text._ZNK10__cxxabiv117__class_type_info11__do_upcastEPKS0_PKvRNS0_15__upcast_resultE
                0x000000000000a524        0x8 /Applications/lpcxpresso_8.2.0_647/lpcxpresso/tools/bin/../lib/gcc/arm-none-eabi/5.3.1/../../../../arm-none-eabi/lib/armv7-m/libstdc++.a(class_type_info.o)
 .ARM.exidx.text._ZNK10__cxxabiv117__class_type_info12__do_dyncastEiNS0_10__sub_kindEPKS0_PKvS3_S5_RNS0_16__dyncast_resultE
                0x000000000000a52c        0x8 /Applications/lpcxpresso_8.2.0_647/lpcxpresso/tools/bin/../lib/gcc/arm-none-eabi/5.3.1/../../../../arm-none-eabi/lib/armv7-m/libstdc++.a(class_type_info.o)
 .ARM.exidx.text._ZNK10__cxxabiv117__class_type_info10__do_catchEPKSt9type_infoPPvj
                0x000000000000a534        0x8 /Applications/lpcxpresso_8.2.0_647/lpcxpresso/tools/bin/../lib/gcc/arm-none-eabi/5.3.1/../../../../arm-none-eabi/lib/armv7-m/libstdc++.a(class_type_info.o)
 .ARM.exidx.text._ZN10__cxxabiv120__si_class_type_infoD2Ev
                0x000000000000a53c        0x8 /Applications/lpcxpresso_8.2.0_647/lpcxpresso/tools/bin/../lib/gcc/arm-none-eabi/5.3.1/../../../../arm-none-eabi/lib/armv7-m/libstdc++.a(si_class_type_info.o)
 .ARM.exidx.text._ZN10__cxxabiv120__si_class_type_infoD0Ev
                0x000000000000a544        0x0 /Applications/lpcxpresso_8.2.0_647/lpcxpresso/tools/bin/../lib/gcc/arm-none-eabi/5.3.1/../../../../arm-none-eabi/lib/armv7-m/libstdc++.a(si_class_type_info.o)
                                          0x8 (size before relaxing)
 .ARM.exidx.text._ZNK10__cxxabiv120__si_class_type_info12__do_dyncastEiNS_17__class_type_info10__sub_kindEPKS1_PKvS4_S6_RNS1_16__dyncast_resultE
                0x000000000000a544        0x8 /Applications/lpcxpresso_8.2.0_647/lpcxpresso/tools/bin/../lib/gcc/arm-none-eabi/5.3.1/../../../../arm-none-eabi/lib/armv7-m/libstdc++.a(si_class_type_info.o)
 .ARM.exidx.text._ZNK10__cxxabiv120__si_class_type_info20__do_find_public_srcEiPKvPKNS_17__class_type_infoES2_
                0x000000000000a54c        0x8 /Applications/lpcxpresso_8.2.0_647/lpcxpresso/tools/bin/../lib/gcc/arm-none-eabi/5.3.1/../../../../arm-none-eabi/lib/armv7-m/libstdc++.a(si_class_type_info.o)
 .ARM.exidx.text._ZNK10__cxxabiv120__si_class_type_info11__do_upcastEPKNS_17__class_type_infoEPKvRNS1_15__upcast_resultE
                0x000000000000a554        0x8 /Applications/lpcxpresso_8.2.0_647/lpcxpresso/tools/bin/../lib/gcc/arm-none-eabi/5.3.1/../../../../arm-none-eabi/lib/armv7-m/libstdc++.a(si_class_type_info.o)
 .ARM.exidx.text._ZNSt9type_infoD2Ev
                0x000000000000a55c        0x8 /Applications/lpcxpresso_8.2.0_647/lpcxpresso/tools/bin/../lib/gcc/arm-none-eabi/5.3.1/../../../../arm-none-eabi/lib/armv7-m/libstdc++.a(tinfo.o)
 .ARM.exidx.text._ZNKSt9type_info15__is_function_pEv
                0x000000000000a564        0x0 /Applications/lpcxpresso_8.2.0_647/lpcxpresso/tools/bin/../lib/gcc/arm-none-eabi/5.3.1/../../../../arm-none-eabi/lib/armv7-m/libstdc++.a(tinfo.o)
                                          0x8 (size before relaxing)
 .ARM.exidx.text._ZNKSt9type_infoeqERKS_
                0x000000000000a564        0x0 /Applications/lpcxpresso_8.2.0_647/lpcxpresso/tools/bin/../lib/gcc/arm-none-eabi/5.3.1/../../../../arm-none-eabi/lib/armv7-m/libstdc++.a(tinfo.o)
                                          0x8 (size before relaxing)
 .ARM.exidx.text._ZN10__cxxabiv111__terminateEPFvvE
                0x000000000000a564        0x8 /Applications/lpcxpresso_8.2.0_647/lpcxpresso/tools/bin/../lib/gcc/arm-none-eabi/5.3.1/../../../../arm-none-eabi/lib/armv7-m/libstdc++.a(eh_terminate.o)
 .ARM.exidx.text._ZSt9terminatev
                0x000000000000a56c        0x8 /Applications/lpcxpresso_8.2.0_647/lpcxpresso/tools/bin/../lib/gcc/arm-none-eabi/5.3.1/../../../../arm-none-eabi/lib/armv7-m/libstdc++.a(eh_terminate.o)
 .ARM.exidx.text._ZN10__cxxabiv112__unexpectedEPFvvE
                0x000000000000a574        0x8 /Applications/lpcxpresso_8.2.0_647/lpcxpresso/tools/bin/../lib/gcc/arm-none-eabi/5.3.1/../../../../arm-none-eabi/lib/armv7-m/libstdc++.a(eh_terminate.o)
 .ARM.exidx.text._ZSt10unexpectedv
                0x000000000000a57c        0x8 /Applications/lpcxpresso_8.2.0_647/lpcxpresso/tools/bin/../lib/gcc/arm-none-eabi/5.3.1/../../../../arm-none-eabi/lib/armv7-m/libstdc++.a(eh_terminate.o)
 .ARM.exidx.text._ZSt13get_terminatev
                0x000000000000a584        0x8 /Applications/lpcxpresso_8.2.0_647/lpcxpresso/tools/bin/../lib/gcc/arm-none-eabi/5.3.1/../../../../arm-none-eabi/lib/armv7-m/libstdc++.a(eh_terminate.o)
 .ARM.exidx.text._ZSt14get_unexpectedv
                0x000000000000a58c        0x0 /Applications/lpcxpresso_8.2.0_647/lpcxpresso/tools/bin/../lib/gcc/arm-none-eabi/5.3.1/../../../../arm-none-eabi/lib/armv7-m/libstdc++.a(eh_terminate.o)
                                          0x8 (size before relaxing)
 .ARM.exidx.text.__cxa_type_match
                0x000000000000a58c        0x8 /Applications/lpcxpresso_8.2.0_647/lpcxpresso/tools/bin/../lib/gcc/arm-none-eabi/5.3.1/../../../../arm-none-eabi/lib/armv7-m/libstdc++.a(eh_arm.o)
 .ARM.exidx.text.__cxa_begin_cleanup
                0x000000000000a594        0x8 /Applications/lpcxpresso_8.2.0_647/lpcxpresso/tools/bin/../lib/gcc/arm-none-eabi/5.3.1/../../../../arm-none-eabi/lib/armv7-m/libstdc++.a(eh_arm.o)
 .ARM.exidx.text.__gnu_end_cleanup
                0x000000000000a59c        0x0 /Applications/lpcxpresso_8.2.0_647/lpcxpresso/tools/bin/../lib/gcc/arm-none-eabi/5.3.1/../../../../arm-none-eabi/lib/armv7-m/libstdc++.a(eh_arm.o)
                                          0x8 (size before relaxing)
 .ARM.exidx.text._ZN10__cxxabiv1L24__is_gxx_exception_classEPc
                0x000000000000a59c        0x0 /Applications/lpcxpresso_8.2.0_647/lpcxpresso/tools/bin/../lib/gcc/arm-none-eabi/5.3.1/../../../../arm-none-eabi/lib/armv7-m/libstdc++.a(eh_call.o)
                                          0x8 (size before relaxing)
 .ARM.exidx.text.__cxa_call_terminate
                0x000000000000a59c        0x0 /Applications/lpcxpresso_8.2.0_647/lpcxpresso/tools/bin/../lib/gcc/arm-none-eabi/5.3.1/../../../../arm-none-eabi/lib/armv7-m/libstdc++.a(eh_call.o)
                                          0x8 (size before relaxing)
 .ARM.exidx.text.__cxa_call_unexpected
                0x000000000000a59c        0x8 /Applications/lpcxpresso_8.2.0_647/lpcxpresso/tools/bin/../lib/gcc/arm-none-eabi/5.3.1/../../../../arm-none-eabi/lib/armv7-m/libstdc++.a(eh_call.o)
 .ARM.exidx.text.__cxa_begin_catch
                0x000000000000a5a4        0x8 /Applications/lpcxpresso_8.2.0_647/lpcxpresso/tools/bin/../lib/gcc/arm-none-eabi/5.3.1/../../../../arm-none-eabi/lib/armv7-m/libstdc++.a(eh_catch.o)
 .ARM.exidx.text.__cxa_end_catch
                0x000000000000a5ac        0x8 /Applications/lpcxpresso_8.2.0_647/lpcxpresso/tools/bin/../lib/gcc/arm-none-eabi/5.3.1/../../../../arm-none-eabi/lib/armv7-m/libstdc++.a(eh_catch.o)
 .ARM.exidx.text._ZNSt13bad_exceptionD2Ev
                0x000000000000a5b4        0x0 /Applications/lpcxpresso_8.2.0_647/lpcxpresso/tools/bin/../lib/gcc/arm-none-eabi/5.3.1/../../../../arm-none-eabi/lib/armv7-m/libstdc++.a(eh_exception.o)
                                          0x8 (size before relaxing)
 .ARM.exidx.text._ZNKSt13bad_exception4whatEv
                0x000000000000a5b4        0x0 /Applications/lpcxpresso_8.2.0_647/lpcxpresso/tools/bin/../lib/gcc/arm-none-eabi/5.3.1/../../../../arm-none-eabi/lib/armv7-m/libstdc++.a(eh_exception.o)
                                          0x8 (size before relaxing)
 .ARM.exidx.text._ZNSt13bad_exceptionD0Ev
                0x000000000000a5b4        0x0 /Applications/lpcxpresso_8.2.0_647/lpcxpresso/tools/bin/../lib/gcc/arm-none-eabi/5.3.1/../../../../arm-none-eabi/lib/armv7-m/libstdc++.a(eh_exception.o)
                                          0x8 (size before relaxing)
 .ARM.exidx.text.__cxa_get_globals_fast
                0x000000000000a5b4        0x0 /Applications/lpcxpresso_8.2.0_647/lpcxpresso/tools/bin/../lib/gcc/arm-none-eabi/5.3.1/../../../../arm-none-eabi/lib/armv7-m/libstdc++.a(eh_globals.o)
                                          0x8 (size before relaxing)
 .ARM.exidx.text.__cxa_get_globals
                0x000000000000a5b4        0x0 /Applications/lpcxpresso_8.2.0_647/lpcxpresso/tools/bin/../lib/gcc/arm-none-eabi/5.3.1/../../../../arm-none-eabi/lib/armv7-m/libstdc++.a(eh_globals.o)
                                          0x8 (size before relaxing)
 .ARM.exidx.text._ZL28read_encoded_value_with_basehjPKhPj
                0x000000000000a5b4        0x8 /Applications/lpcxpresso_8.2.0_647/lpcxpresso/tools/bin/../lib/gcc/arm-none-eabi/5.3.1/../../../../arm-none-eabi/lib/armv7-m/libstdc++.a(eh_personality.o)
 .ARM.exidx.text._ZL21base_of_encoded_valuehP15_Unwind_Context
                0x000000000000a5bc        0x8 /Applications/lpcxpresso_8.2.0_647/lpcxpresso/tools/bin/../lib/gcc/arm-none-eabi/5.3.1/../../../../arm-none-eabi/lib/armv7-m/libstdc++.a(eh_personality.o)
 .ARM.exidx.text._ZL17parse_lsda_headerP15_Unwind_ContextPKhP16lsda_header_info
                0x000000000000a5c4        0x8 /Applications/lpcxpresso_8.2.0_647/lpcxpresso/tools/bin/../lib/gcc/arm-none-eabi/5.3.1/../../../../arm-none-eabi/lib/armv7-m/libstdc++.a(eh_personality.o)
 .ARM.exidx.text.__gxx_personality_v0
                0x000000000000a5cc        0x8 /Applications/lpcxpresso_8.2.0_647/lpcxpresso/tools/bin/../lib/gcc/arm-none-eabi/5.3.1/../../../../arm-none-eabi/lib/armv7-m/libstdc++.a(eh_personality.o)
 .ARM.exidx.text._ZL23__gxx_exception_cleanup19_Unwind_Reason_CodeP21_Unwind_Control_Block
                0x000000000000a5d4        0x8 /Applications/lpcxpresso_8.2.0_647/lpcxpresso/tools/bin/../lib/gcc/arm-none-eabi/5.3.1/../../../../arm-none-eabi/lib/armv7-m/libstdc++.a(eh_throw.o)
 .ARM.exidx.text.__cxa_throw
                0x000000000000a5dc        0x8 /Applications/lpcxpresso_8.2.0_647/lpcxpresso/tools/bin/../lib/gcc/arm-none-eabi/5.3.1/../../../../arm-none-eabi/lib/armv7-m/libstdc++.a(eh_throw.o)
 .ARM.exidx.text.__cxa_rethrow
                0x000000000000a5e4        0x8 /Applications/lpcxpresso_8.2.0_647/lpcxpresso/tools/bin/../lib/gcc/arm-none-eabi/5.3.1/../../../../arm-none-eabi/lib/armv7-m/libstdc++.a(eh_throw.o)
 .ARM.exidx.text._ZN12_GLOBAL__N_14pool4freeEPv.constprop.4
                0x000000000000a5ec        0x8 /Applications/lpcxpresso_8.2.0_647/lpcxpresso/tools/bin/../lib/gcc/arm-none-eabi/5.3.1/../../../../arm-none-eabi/lib/armv7-m/libstdc++.a(eh_alloc.o)
 .ARM.exidx.text._ZN12_GLOBAL__N_14pool8allocateEj.constprop.5
                0x000000000000a5f4        0x0 /Applications/lpcxpresso_8.2.0_647/lpcxpresso/tools/bin/../lib/gcc/arm-none-eabi/5.3.1/../../../../arm-none-eabi/lib/armv7-m/libstdc++.a(eh_alloc.o)
                                          0x8 (size before relaxing)
 .ARM.exidx.text.__cxa_allocate_exception
                0x000000000000a5f4        0x0 /Applications/lpcxpresso_8.2.0_647/lpcxpresso/tools/bin/../lib/gcc/arm-none-eabi/5.3.1/../../../../arm-none-eabi/lib/armv7-m/libstdc++.a(eh_alloc.o)
                                          0x8 (size before relaxing)
 .ARM.exidx.text.__cxa_free_exception
                0x000000000000a5f4        0x0 /Applications/lpcxpresso_8.2.0_647/lpcxpresso/tools/bin/../lib/gcc/arm-none-eabi/5.3.1/../../../../arm-none-eabi/lib/armv7-m/libstdc++.a(eh_alloc.o)
                                          0x8 (size before relaxing)
 .ARM.exidx.text.startup._GLOBAL__sub_I___cxa_allocate_exception
                0x000000000000a5f4        0x0 /Applications/lpcxpresso_8.2.0_647/lpcxpresso/tools/bin/../lib/gcc/arm-none-eabi/5.3.1/../../../../arm-none-eabi/lib/armv7-m/libstdc++.a(eh_alloc.o)
                                          0x8 (size before relaxing)
 .ARM.exidx     0x000000000000a5f4       0x78 /Applications/lpcxpresso_8.2.0_647/lpcxpresso/tools/bin/../lib/gcc/arm-none-eabi/5.3.1/armv7-m/libgcc.a(unwind-arm.o)
                                         0xd8 (size before relaxing)